 hasp_demo

 Timestamp is 5943dc78 (Fri Jun 16 15:26:16 2017)

 Preferred load address is 0000000140000000

 Start         Length     Name                   Class
 0001:00000000 0000bf5eH .text                   CODE
 0001:0000bf60 0000005eH .text$00                CODE
 0002:00000000 000002b0H .idata$5                DATA
 0002:000002b0 00000008H .CRT$XCA                DATA
 0002:000002b8 00000008H .CRT$XCZ                DATA
 0002:000002c0 00000008H .CRT$XIA                DATA
 0002:000002c8 00000018H .CRT$XIC                DATA
 0002:000002e0 00000008H .CRT$XIY                DATA
 0002:000002e8 00000008H .CRT$XIZ                DATA
 0002:000002f0 00000008H .CRT$XPA                DATA
 0002:000002f8 00000008H .CRT$XPX                DATA
 0002:00000300 00000008H .CRT$XPXA               DATA
 0002:00000308 00000008H .CRT$XPZ                DATA
 0002:00000310 00000008H .CRT$XTA                DATA
 0002:00000318 00000008H .CRT$XTZ                DATA
 0002:00000320 0000121dH .rdata                  DATA
 0002:00001540 00000008H .rtc$IAA                DATA
 0002:00001548 00000008H .rtc$IZZ                DATA
 0002:00001550 00000008H .rtc$TAA                DATA
 0002:00001558 00000008H .rtc$TZZ                DATA
 0002:00001560 000010f4H .xdata                  DATA
 0002:00002654 00000028H .idata$2                DATA
 0002:0000267c 00000014H .idata$3                DATA
 0002:00002690 000002b0H .idata$4                DATA
 0002:00002940 0000052aH .idata$6                DATA
 0002:00002e6a 00000000H .edata                  DATA
 0003:00000000 0000290cH .data                   DATA
 0003:00002920 00002144H .bss                    DATA
 0004:00000000 00000b4cH .pdata                  DATA

  Address         Publics by Value              Rva+Base               Lib:Object

 0000:00000000       ___safe_se_handler_count   0000000000000000     <absolute>
 0000:00000000       ___safe_se_handler_table   0000000000000000     <absolute>
 0000:00000000       __ImageBase                0000000140000000     <linker-defined>
 0001:00000000       dump_hex                   0000000140001000 f   hasp_demo.obj
 0001:000000d0       dump_ascii                 00000001400010d0 f   hasp_demo.obj
 0001:000001d0       dump                       00000001400011d0 f   hasp_demo.obj
 0001:00000290       wait4key                   0000000140001290 f   hasp_demo.obj
 0001:000002e0       encrypt_decrypt            00000001400012e0 f   hasp_demo.obj
 0001:00000490       main                       0000000140001490 f   hasp_demo.obj
 0001:00001186       hasp_decrypt               0000000140002186 f   hasp_windows_x64_demo:hasp_windows_x64_demo.dll
 0001:0000118c       hasp_encrypt               000000014000218c f   hasp_windows_x64_demo:hasp_windows_x64_demo.dll
 0001:00001192       hasp_get_info              0000000140002192 f   hasp_windows_x64_demo:hasp_windows_x64_demo.dll
 0001:00001198       hasp_login_scope           0000000140002198 f   hasp_windows_x64_demo:hasp_windows_x64_demo.dll
 0001:0000119e       hasp_hasptime_to_datetime  000000014000219e f   hasp_windows_x64_demo:hasp_windows_x64_demo.dll
 0001:000011a4       hasp_get_rtc               00000001400021a4 f   hasp_windows_x64_demo:hasp_windows_x64_demo.dll
 0001:000011aa       hasp_write                 00000001400021aa f   hasp_windows_x64_demo:hasp_windows_x64_demo.dll
 0001:000011b0       hasp_read                  00000001400021b0 f   hasp_windows_x64_demo:hasp_windows_x64_demo.dll
 0001:000011b6       hasp_get_size              00000001400021b6 f   hasp_windows_x64_demo:hasp_windows_x64_demo.dll
 0001:000011bc       hasp_logout                00000001400021bc f   hasp_windows_x64_demo:hasp_windows_x64_demo.dll
 0001:000011c2       hasp_free                  00000001400021c2 f   hasp_windows_x64_demo:hasp_windows_x64_demo.dll
 0001:000011c8       hasp_get_sessioninfo       00000001400021c8 f   hasp_windows_x64_demo:hasp_windows_x64_demo.dll
 0001:000011ce       hasp_login                 00000001400021ce f   hasp_windows_x64_demo:hasp_windows_x64_demo.dll
 0001:000011e0       printf                     00000001400021e0 f   LIBCMT:printf.obj
 0001:000012d0       _get_printf_count_output   00000001400022d0 f   LIBCMT:printf.obj
 0001:000012f0       getchar                    00000001400022f0 f   LIBCMT:fgetchar.obj
 0001:00001310       _flush                     0000000140002310 f   LIBCMT:fflush.obj
 0001:00001390       _fflush_nolock             0000000140002390 f   LIBCMT:fflush.obj
 0001:000015a0       fflush                     00000001400025a0 f   LIBCMT:fflush.obj
 0001:00001610       _flushall                  0000000140002610 f   LIBCMT:fflush.obj
 0001:00001620       __iob_func                 0000000140002620 f   LIBCMT:_file.obj
 0001:00001630       __initstdio                0000000140002630 f   LIBCMT:_file.obj
 0001:00001730       __endstdio                 0000000140002730 f   LIBCMT:_file.obj
 0001:00001760       _lock_file                 0000000140002760 f   LIBCMT:_file.obj
 0001:000017d0       _lock_file2                00000001400027d0 f   LIBCMT:_file.obj
 0001:00001810       _unlock_file               0000000140002810 f   LIBCMT:_file.obj
 0001:00001860       _unlock_file2              0000000140002860 f   LIBCMT:_file.obj
 0001:00001880       _amsg_exit                 0000000140002880 f   LIBCMT:crt0dat.obj
 0001:000018b0       __crtExitProcess           00000001400028b0 f   LIBCMT:crt0dat.obj
 0001:000018f0       _lockexit                  00000001400028f0 f   LIBCMT:crt0dat.obj
 0001:00001900       _unlockexit                0000000140002900 f   LIBCMT:crt0dat.obj
 0001:00001950       _get_osplatform            0000000140002950 f   LIBCMT:crt0dat.obj
 0001:000019a0       _get_winmajor              00000001400029a0 f   LIBCMT:crt0dat.obj
 0001:000019f0       _cinit                     00000001400029f0 f   LIBCMT:crt0dat.obj
 0001:00001c00       exit                       0000000140002c00 f   LIBCMT:crt0dat.obj
 0001:00001c10       _exit                      0000000140002c10 f   LIBCMT:crt0dat.obj
 0001:00001c20       _cexit                     0000000140002c20 f   LIBCMT:crt0dat.obj
 0001:00001c30       _c_exit                    0000000140002c30 f   LIBCMT:crt0dat.obj
 0001:00001c40       _init_pointers             0000000140002c40 f   LIBCMT:crt0dat.obj
 0001:00001f50       mainCRTStartup             0000000140002f50 f   LIBCMT:crt0.obj
 0001:00001f70       __C_specific_handler       0000000140002f70 f   LIBCMT:chandler.obj
 0001:00002130       _stbuf                     0000000140003130 f   LIBCMT:_sftbuf.obj
 0001:00002210       _ftbuf                     0000000140003210 f   LIBCMT:_sftbuf.obj
 0001:000023d0       _output_l                  00000001400033d0 f   LIBCMT:output.obj
 0001:000033b0       _initp_misc_invarg         00000001400043b0 f   LIBCMT:invarg.obj
 0001:000033c0       _invoke_watson             00000001400043c0 f   LIBCMT:invarg.obj
 0001:00003460       _invalid_parameter         0000000140004460 f   LIBCMT:invarg.obj
 0001:00003570       _get_errno_from_oserr      0000000140004570 f   LIBCMT:dosmap.obj
 0001:000035c0       _errno                     00000001400045c0 f   LIBCMT:dosmap.obj
 0001:000035f0       __doserrno                 00000001400045f0 f   LIBCMT:dosmap.obj
 0001:00003620       _dosmaperr                 0000000140004620 f   LIBCMT:dosmap.obj
 0001:000036b0       getc                       00000001400046b0 f   LIBCMT:fgetc.obj
 0001:00003850       _write_nolock              0000000140004850 f   LIBCMT:write.obj
 0001:00003fd0       _write                     0000000140004fd0 f   LIBCMT:write.obj
 0001:00004120       _fileno                    0000000140005120 f   LIBCMT:fileno.obj
 0001:00004160       _commit                    0000000140005160 f   LIBCMT:commit.obj
 0001:000042a0       _mtinitlocks               00000001400052a0 f   LIBCMT:mlock.obj
 0001:00004340       _mtdeletelocks             0000000140005340 f   LIBCMT:mlock.obj
 0001:000043e0       _unlock                    00000001400053e0 f   LIBCMT:mlock.obj
 0001:00004400       _mtinitlocknum             0000000140005400 f   LIBCMT:mlock.obj
 0001:00004510       _lock                      0000000140005510 f   LIBCMT:mlock.obj
 0001:00004560       _ioinit                    0000000140005560 f   LIBCMT:ioinit.obj
 0001:00004890       _malloc_crt                0000000140005890 f   LIBCMT:crtheap.obj
 0001:00004900       _calloc_crt                0000000140005900 f   LIBCMT:crtheap.obj
 0001:00004990       _realloc_crt               0000000140005990 f   LIBCMT:crtheap.obj
 0001:00004a20       free                       0000000140005a20 f   LIBCMT:free.obj
 0001:00004a70       _fcloseall                 0000000140005a70 f   LIBCMT:closeall.obj
 0001:00004b60       _encode_pointer            0000000140005b60 f   LIBCMT:tidtable.obj
 0001:00004c30       _encoded_null              0000000140005c30 f   LIBCMT:tidtable.obj
 0001:00004d20       _decode_pointer            0000000140005d20 f   LIBCMT:tidtable.obj
 0001:00004df0       _initptd                   0000000140005df0 f   LIBCMT:tidtable.obj
 0001:00004f80       _getptd_noexit             0000000140005f80 f   LIBCMT:tidtable.obj
 0001:00005010       _getptd                    0000000140006010 f   LIBCMT:tidtable.obj
 0001:000050b0       _freefls                   00000001400060b0 f   LIBCMT:tidtable.obj
 0001:00005220       _mtinit                    0000000140006220 f   LIBCMT:tidtable.obj
 0001:00005340       _NMSG_WRITE                0000000140006340 f   LIBCMT:crt0msg.obj
 0001:00005580       _FF_MSGBANNER              0000000140006580 f   LIBCMT:crt0msg.obj
 0001:00005670       __onexitinit               0000000140006670 f   LIBCMT:onexit.obj
 0001:000056c0       _onexit                    00000001400066c0 f   LIBCMT:onexit.obj
 0001:000057f0       atexit                     00000001400067f0 f   LIBCMT:onexit.obj
 0001:00005810       _RTC_Initialize            0000000140006810 f   LIBCMT:initsect.obj
 0001:00005850       _RTC_Terminate             0000000140006850 f   LIBCMT:initsect.obj
 0001:00005890       _initp_misc_cfltcvt_tab    0000000140006890 f   LIBCMT:cmiscdat.obj
 0001:000058d0       _ValidateImageBase         00000001400068d0 f   LIBCMT:pesect.obj
 0001:00005900       _FindPESection             0000000140006900 f   LIBCMT:pesect.obj
 0001:00005950       _IsNonwritableInCurrentImage 0000000140006950 f   LIBCMT:pesect.obj
 0001:000059c0       ?terminate@@YAXXZ          00000001400069c0 f   LIBCMT:hooks.obj
 0001:000059f0       _initp_eh_hooks            00000001400069f0 f   LIBCMT:hooks.obj
 0001:00005a10       _initp_misc_winxfltr       0000000140006a10 f   LIBCMT:winxfltr.obj
 0001:00005a20       _XcptFilter                0000000140006a20 f   LIBCMT:winxfltr.obj
 0001:00005c30       _initp_misc_winsig         0000000140006c30 f   LIBCMT:winsig.obj
 0001:00005c50       __get_sigabrt              0000000140006c50 f   LIBCMT:winsig.obj
 0001:00005c60       raise                      0000000140006c60 f   LIBCMT:winsig.obj
 0001:00005f10       _initp_misc_rand_s         0000000140006f10 f   LIBCMT:rand_s.obj
 0001:00005f20       _initp_misc_purevirt       0000000140006f20 f   LIBCMT:inithelp.obj
 0001:00005f30       _initp_misc_initcrit       0000000140006f30 f   LIBCMT:initcrit.obj
 0001:00005f60       __crtInitCritSecAndSpinCount 0000000140006f60 f   LIBCMT:initcrit.obj
 0001:00006080       _initp_heap_handler        0000000140007080 f   LIBCMT:handler.obj
 0001:00006090       _callnewh                  0000000140007090 f   LIBCMT:handler.obj
 0001:000060d0       ?__CxxUnhandledExceptionFilter@@YAJPEAU_EXCEPTION_POINTERS@@@Z 00000001400070d0 f   LIBCMT:unhandld.obj
 0001:00006120       __CxxSetUnhandledExceptionFilter 0000000140007120 f   LIBCMT:unhandld.obj
 0001:00006140       _setenvp                   0000000140007140 f   LIBCMT:stdenvp.obj
 0001:000064d0       _setargv                   00000001400074d0 f   LIBCMT:stdargv.obj
 0001:000065e0       __crtGetEnvironmentStringsA 00000001400075e0 f   LIBCMT:a_env.obj
 0001:000067b0       _heap_init                 00000001400077b0 f   LIBCMT:heapinit.obj
 0001:00006810       __security_init_cookie     0000000140007810 f   LIBCMT:gs_support.obj
 0001:000068e0       _local_unwind              00000001400078e0 f   LIBCMT:jmpuwind.obj
 0001:00006910       _NLG_Notify                0000000140007910 f   LIBCMT:jmpuwind.obj
 0001:00006930       __NLG_Dispatch2            0000000140007930 f   LIBCMT:jmpuwind.obj
 0001:00006940       __NLG_Return2              0000000140007940 f   LIBCMT:jmpuwind.obj
 0001:00006950       _isatty                    0000000140007950 f   LIBCMT:isatty.obj
 0001:00006ca0       __updatetmbcinfo           0000000140007ca0 f   LIBCMT:mbctype.obj
 0001:00006e90       _setmbcp_nolock            0000000140007e90 f   LIBCMT:mbctype.obj
 0001:00007250       _setmbcp                   0000000140008250 f   LIBCMT:mbctype.obj
 0001:00007480       __initmbctable             0000000140008480 f   LIBCMT:mbctype.obj
 0001:000074b0       __freetlocinfo             00000001400084b0 f   LIBCMT:setlocal.obj
 0001:00007640       __addlocaleref             0000000140008640 f   LIBCMT:setlocal.obj
 0001:000076e0       __removelocaleref          00000001400086e0 f   LIBCMT:setlocal.obj
 0001:000077f0       __updatetlocinfo           00000001400087f0 f   LIBCMT:setlocal.obj
 0001:00007890       _flsbuf                    0000000140008890 f   LIBCMT:_flsbuf.obj
 0001:00007a60       __GSHandlerCheck           0000000140008a60 f   LIBCMT:gshandler.obj
 0001:00007ad0       _wctomb_s_l                0000000140008ad0 f   LIBCMT:wctomb.obj
 0001:00007d80       wctomb_s                   0000000140008d80 f   LIBCMT:wctomb.obj
 0001:00007da0       _isleadbyte_l              0000000140008da0 f i LIBCMT:_wctype.obj
 0001:00007e90       isleadbyte                 0000000140008e90 f i LIBCMT:_wctype.obj
 0001:00007f70       __security_check_cookie    0000000140008f70 f   LIBCMT:amdsecgs.obj
 0001:00007f90       __crt_debugger_hook        0000000140008f90 f   LIBCMT:dbghook.obj
 0001:00007fb0       memset                     0000000140008fb0 f   LIBCMT:memset.obj
 0001:000080a0       _filbuf                    00000001400090a0 f   LIBCMT:_filbuf.obj
 0001:00008220       _putwch_nolock             0000000140009220 f   LIBCMT:putwch.obj
 0001:00008350       _mbtowc_l                  0000000140009350 f   LIBCMT:mbtowc.obj
 0001:000085b0       mbtowc                     00000001400095b0 f   LIBCMT:mbtowc.obj
 0001:000085c0       _lseeki64_nolock           00000001400095c0 f   LIBCMT:lseeki64.obj
 0001:00008670       _lseeki64                  0000000140009670 f   LIBCMT:lseeki64.obj
 0001:000087d0       _free_osfhnd               00000001400097d0 f   LIBCMT:osfinfo.obj
 0001:000088a0       _get_osfhandle             00000001400098a0 f   LIBCMT:osfinfo.obj
 0001:00008940       __lock_fhandle             0000000140009940 f   LIBCMT:osfinfo.obj
 0001:00008a10       _unlock_fhandle            0000000140009a10 f   LIBCMT:osfinfo.obj
 0001:00008a40       malloc                     0000000140009a40 f   LIBCMT:malloc.obj
 0001:00008b10       _calloc_impl               0000000140009b10 f   LIBCMT:calloc.obj
 0001:00008be0       realloc                    0000000140009be0 f   LIBCMT:realloc.obj
 0001:00008cd0       _fclose_nolock             0000000140009cd0 f   LIBCMT:fclose.obj
 0001:00008d70       fclose                     0000000140009d70 f   LIBCMT:fclose.obj
 0001:00008e10       __crtMessageBoxA           0000000140009e10 f   LIBCMT:crtmbox.obj
 0001:00009070       strcat_s                   000000014000a070 f   LIBCMT:strcat_s.obj
 0001:00009130       strncpy_s                  000000014000a130 f   LIBCMT:strncpy_s.obj
 0001:00009250       strcpy_s                   000000014000a250 f   LIBCMT:strcpy_s.obj
 0001:00009300       _set_error_mode            000000014000a300 f   LIBCMT:errmode.obj
 0001:00009360       _msize                     000000014000a360 f   LIBCMT:msize.obj
 0001:000093b0       _fptrap                    000000014000a3b0 f   LIBCMT:crt0fp.obj
 0001:000093c0       abort                      000000014000a3c0 f   LIBCMT:abort.obj
 0001:00009480       memmove                    000000014000a480     LIBCMT:memcpy.obj
 0001:00009480       memcpy                     000000014000a480 f   LIBCMT:memcpy.obj
 0001:000097c0       _ismbblead                 000000014000a7c0 f   LIBCMT:ismbbyte.obj
 0001:00009dc0       __crtLCMapStringA          000000014000adc0 f   LIBCMT:a_map.obj
 0001:0000a180       __crtGetStringTypeA        000000014000b180 f   LIBCMT:a_str.obj
 0001:0000a2d0       __free_lc_time             000000014000b2d0 f   LIBCMT:inittime.obj
 0001:0000a4c0       __free_lconv_num           000000014000b4c0 f   LIBCMT:initnum.obj
 0001:0000a510       __free_lconv_mon           000000014000b510 f   LIBCMT:initmon.obj
 0001:0000a5c0       memcmp                     000000014000b5c0 f   LIBCMT:memcmp.obj
 0001:0000a6a0       strncmp                    000000014000b6a0 f   LIBCMT:strncmp.obj
 0001:0000a760       _getbuf                    000000014000b760 f   LIBCMT:_getbuf.obj
 0001:0000a7c0       __report_gsfailure         000000014000b7c0 f   LIBCMT:gs_report.obj
 0001:0000aca0       strtol                     000000014000bca0 f   LIBCMT:strtol.obj
 0001:0000ace0       _read_nolock               000000014000bce0 f   LIBCMT:read.obj
 0001:0000b5f0       _read                      000000014000c5f0 f   LIBCMT:read.obj
 0001:0000b790       __initconout               000000014000c790 f   LIBCMT:initcon.obj
 0001:0000b7d0       __termcon                  000000014000c7d0 f   LIBCMT:initcon.obj
 0001:0000b810       _close_nolock              000000014000c810 f   LIBCMT:close.obj
 0001:0000b8e0       _close                     000000014000c8e0 f   LIBCMT:close.obj
 0001:0000ba10       _freebuf                   000000014000ca10 f   LIBCMT:_freebuf.obj
 0001:0000ba50       _isctype_l                 000000014000ca50 f   LIBCMT:isctype.obj
 0001:0000bc40       __ansicp                   000000014000cc40 f   LIBCMT:convrtcp.obj
 0001:0000bcb0       __convertcp                000000014000ccb0 f   LIBCMT:convrtcp.obj
 0001:0000bf40       atol                       000000014000cf40 f   LIBCMT:atox.obj
 0001:0000bf4c       RtlUnwindEx                000000014000cf4c f   kernel32:KERNEL32.dll
 0001:0000bf52       RtlVirtualUnwind           000000014000cf52 f   kernel32:KERNEL32.dll
 0001:0000bf58       RtlLookupFunctionEntry     000000014000cf58 f   kernel32:KERNEL32.dll
 0001:0000bf70       __chkstk                   000000014000cf70 f   LIBCMT:chkstk.obj
 0001:0000bf70       _alloca_probe              000000014000cf70     LIBCMT:chkstk.obj
 0002:00000000       __imp_CloseHandle          000000014000d000     kernel32:KERNEL32.dll
 0002:00000008       __imp_CreateFileA          000000014000d008     kernel32:KERNEL32.dll
 0002:00000010       __imp_ReadFile             000000014000d010     kernel32:KERNEL32.dll
 0002:00000018       __imp_RtlLookupFunctionEntry 000000014000d018     kernel32:KERNEL32.dll
 0002:00000020       __imp_RtlVirtualUnwind     000000014000d020     kernel32:KERNEL32.dll
 0002:00000028       __imp_EnterCriticalSection 000000014000d028     kernel32:KERNEL32.dll
 0002:00000030       __imp_LeaveCriticalSection 000000014000d030     kernel32:KERNEL32.dll
 0002:00000038       __imp_GetProcAddress       000000014000d038     kernel32:KERNEL32.dll
 0002:00000040       __imp_GetModuleHandleA     000000014000d040     kernel32:KERNEL32.dll
 0002:00000048       __imp_ExitProcess          000000014000d048     kernel32:KERNEL32.dll
 0002:00000050       __imp_GetCommandLineA      000000014000d050     kernel32:KERNEL32.dll
 0002:00000058       __imp_HeapFree             000000014000d058     kernel32:KERNEL32.dll
 0002:00000060       __imp_GetVersionExA        000000014000d060     kernel32:KERNEL32.dll
 0002:00000068       __imp_HeapAlloc            000000014000d068     kernel32:KERNEL32.dll
 0002:00000070       __imp_GetProcessHeap       000000014000d070     kernel32:KERNEL32.dll
 0002:00000078       __imp_RtlUnwindEx          000000014000d078     kernel32:KERNEL32.dll
 0002:00000080       __imp_TerminateProcess     000000014000d080     kernel32:KERNEL32.dll
 0002:00000088       __imp_GetCurrentProcess    000000014000d088     kernel32:KERNEL32.dll
 0002:00000090       __imp_UnhandledExceptionFilter 000000014000d090     kernel32:KERNEL32.dll
 0002:00000098       __imp_SetUnhandledExceptionFilter 000000014000d098     kernel32:KERNEL32.dll
 0002:000000a0       __imp_IsDebuggerPresent    000000014000d0a0     kernel32:KERNEL32.dll
 0002:000000a8       __imp_RtlCaptureContext    000000014000d0a8     kernel32:KERNEL32.dll
 0002:000000b0       __imp_GetLastError         000000014000d0b0     kernel32:KERNEL32.dll
 0002:000000b8       __imp_WriteFile            000000014000d0b8     kernel32:KERNEL32.dll
 0002:000000c0       __imp_WideCharToMultiByte  000000014000d0c0     kernel32:KERNEL32.dll
 0002:000000c8       __imp_GetConsoleCP         000000014000d0c8     kernel32:KERNEL32.dll
 0002:000000d0       __imp_GetConsoleMode       000000014000d0d0     kernel32:KERNEL32.dll
 0002:000000d8       __imp_FlushFileBuffers     000000014000d0d8     kernel32:KERNEL32.dll
 0002:000000e0       __imp_DeleteCriticalSection 000000014000d0e0     kernel32:KERNEL32.dll
 0002:000000e8       __imp_SetHandleCount       000000014000d0e8     kernel32:KERNEL32.dll
 0002:000000f0       __imp_GetStdHandle         000000014000d0f0     kernel32:KERNEL32.dll
 0002:000000f8       __imp_GetFileType          000000014000d0f8     kernel32:KERNEL32.dll
 0002:00000100       __imp_GetStartupInfoA      000000014000d100     kernel32:KERNEL32.dll
 0002:00000108       __imp_Sleep                000000014000d108     kernel32:KERNEL32.dll
 0002:00000110       __imp_FlsGetValue          000000014000d110     kernel32:KERNEL32.dll
 0002:00000118       __imp_FlsSetValue          000000014000d118     kernel32:KERNEL32.dll
 0002:00000120       __imp_TlsFree              000000014000d120     kernel32:KERNEL32.dll
 0002:00000128       __imp_FlsFree              000000014000d128     kernel32:KERNEL32.dll
 0002:00000130       __imp_SetLastError         000000014000d130     kernel32:KERNEL32.dll
 0002:00000138       __imp_GetCurrentThreadId   000000014000d138     kernel32:KERNEL32.dll
 0002:00000140       __imp_FlsAlloc             000000014000d140     kernel32:KERNEL32.dll
 0002:00000148       __imp_GetModuleFileNameA   000000014000d148     kernel32:KERNEL32.dll
 0002:00000150       __imp_LoadLibraryA         000000014000d150     kernel32:KERNEL32.dll
 0002:00000158       __imp_InitializeCriticalSection 000000014000d158     kernel32:KERNEL32.dll
 0002:00000160       __imp_FreeEnvironmentStringsA 000000014000d160     kernel32:KERNEL32.dll
 0002:00000168       __imp_GetEnvironmentStrings 000000014000d168     kernel32:KERNEL32.dll
 0002:00000170       __imp_FreeEnvironmentStringsW 000000014000d170     kernel32:KERNEL32.dll
 0002:00000178       __imp_GetEnvironmentStringsW 000000014000d178     kernel32:KERNEL32.dll
 0002:00000180       __imp_HeapSetInformation   000000014000d180     kernel32:KERNEL32.dll
 0002:00000188       __imp_HeapCreate           000000014000d188     kernel32:KERNEL32.dll
 0002:00000190       __imp_QueryPerformanceCounter 000000014000d190     kernel32:KERNEL32.dll
 0002:00000198       __imp_GetTickCount         000000014000d198     kernel32:KERNEL32.dll
 0002:000001a0       __imp_GetCurrentProcessId  000000014000d1a0     kernel32:KERNEL32.dll
 0002:000001a8       __imp_GetSystemTimeAsFileTime 000000014000d1a8     kernel32:KERNEL32.dll
 0002:000001b0       __imp_GetCPInfo            000000014000d1b0     kernel32:KERNEL32.dll
 0002:000001b8       __imp_GetACP               000000014000d1b8     kernel32:KERNEL32.dll
 0002:000001c0       __imp_GetOEMCP             000000014000d1c0     kernel32:KERNEL32.dll
 0002:000001c8       __imp_IsValidCodePage      000000014000d1c8     kernel32:KERNEL32.dll
 0002:000001d0       __imp_WriteConsoleA        000000014000d1d0     kernel32:KERNEL32.dll
 0002:000001d8       __imp_GetConsoleOutputCP   000000014000d1d8     kernel32:KERNEL32.dll
 0002:000001e0       __imp_WriteConsoleW        000000014000d1e0     kernel32:KERNEL32.dll
 0002:000001e8       __imp_MultiByteToWideChar  000000014000d1e8     kernel32:KERNEL32.dll
 0002:000001f0       __imp_SetFilePointer       000000014000d1f0     kernel32:KERNEL32.dll
 0002:000001f8       __imp_SetStdHandle         000000014000d1f8     kernel32:KERNEL32.dll
 0002:00000200       __imp_HeapReAlloc          000000014000d200     kernel32:KERNEL32.dll
 0002:00000208       __imp_HeapSize             000000014000d208     kernel32:KERNEL32.dll
 0002:00000210       __imp_GetLocaleInfoA       000000014000d210     kernel32:KERNEL32.dll
 0002:00000218       __imp_LCMapStringA         000000014000d218     kernel32:KERNEL32.dll
 0002:00000220       __imp_LCMapStringW         000000014000d220     kernel32:KERNEL32.dll
 0002:00000228       __imp_GetStringTypeA       000000014000d228     kernel32:KERNEL32.dll
 0002:00000230       __imp_GetStringTypeW       000000014000d230     kernel32:KERNEL32.dll
 0002:00000238       \177KERNEL32_NULL_THUNK_DATA 000000014000d238     kernel32:KERNEL32.dll
 0002:00000240       __imp_hasp_login           000000014000d240     hasp_windows_x64_demo:hasp_windows_x64_demo.dll
 0002:00000248       __imp_hasp_get_sessioninfo 000000014000d248     hasp_windows_x64_demo:hasp_windows_x64_demo.dll
 0002:00000250       __imp_hasp_free            000000014000d250     hasp_windows_x64_demo:hasp_windows_x64_demo.dll
 0002:00000258       __imp_hasp_logout          000000014000d258     hasp_windows_x64_demo:hasp_windows_x64_demo.dll
 0002:00000260       __imp_hasp_get_size        000000014000d260     hasp_windows_x64_demo:hasp_windows_x64_demo.dll
 0002:00000268       __imp_hasp_read            000000014000d268     hasp_windows_x64_demo:hasp_windows_x64_demo.dll
 0002:00000270       __imp_hasp_write           000000014000d270     hasp_windows_x64_demo:hasp_windows_x64_demo.dll
 0002:00000278       __imp_hasp_get_rtc         000000014000d278     hasp_windows_x64_demo:hasp_windows_x64_demo.dll
 0002:00000280       __imp_hasp_hasptime_to_datetime 000000014000d280     hasp_windows_x64_demo:hasp_windows_x64_demo.dll
 0002:00000288       __imp_hasp_login_scope     000000014000d288     hasp_windows_x64_demo:hasp_windows_x64_demo.dll
 0002:00000290       __imp_hasp_get_info        000000014000d290     hasp_windows_x64_demo:hasp_windows_x64_demo.dll
 0002:00000298       __imp_hasp_encrypt         000000014000d298     hasp_windows_x64_demo:hasp_windows_x64_demo.dll
 0002:000002a0       __imp_hasp_decrypt         000000014000d2a0     hasp_windows_x64_demo:hasp_windows_x64_demo.dll
 0002:000002a8       \177hasp_windows_x64_demo_NULL_THUNK_DATA 000000014000d2a8     hasp_windows_x64_demo:hasp_windows_x64_demo.dll
 0002:000002b0       __xc_a                     000000014000d2b0     LIBCMT:crt0init.obj
 0002:000002b8       __xc_z                     000000014000d2b8     LIBCMT:crt0init.obj
 0002:000002c0       __xi_a                     000000014000d2c0     LIBCMT:crt0init.obj
 0002:000002e8       __xi_z                     000000014000d2e8     LIBCMT:crt0init.obj
 0002:000002f0       __xp_a                     000000014000d2f0     LIBCMT:crt0init.obj
 0002:00000308       __xp_z                     000000014000d308     LIBCMT:crt0init.obj
 0002:00000310       __xt_a                     000000014000d310     LIBCMT:crt0init.obj
 0002:00000318       __xt_z                     000000014000d318     LIBCMT:crt0init.obj
 0002:00000320       ??_C@_0P@MIGLKIOC@CorExitProcess?$AA@ 000000014000d320     LIBCMT:crt0dat.obj
 0002:00000330       ??_C@_0M@MBOPBNBK@mscoree?4dll?$AA@ 000000014000d330     LIBCMT:crt0dat.obj
 0002:00000340       ??_C@_1O@CEDCILHN@?$AA?$CI?$AAn?$AAu?$AAl?$AAl?$AA?$CJ?$AA?$AA@ 000000014000d340     LIBCMT:output.obj
 0002:00000350       ??_C@_06OJHGLDPL@?$CInull?$CJ?$AA@ 000000014000d350     LIBCMT:output.obj
 0002:00000360       __lookuptable              000000014000d360     LIBCMT:output.obj
 0002:000003c0       ??_C@_07EPKMNAGK@?4mixcrt?$AA@ 000000014000d3c0     LIBCMT:tidtable.obj
 0002:000003c8       ??_C@_0O@NLDKAIKN@EncodePointer?$AA@ 000000014000d3c8     LIBCMT:tidtable.obj
 0002:000003d8       ??_C@_0N@NHGLKGEC@KERNEL32?4DLL?$AA@ 000000014000d3d8     LIBCMT:tidtable.obj
 0002:000003e8       ??_C@_0O@KBPMFGHI@DecodePointer?$AA@ 000000014000d3e8     LIBCMT:tidtable.obj
 0002:000003f8       ??_C@_0P@GGKDKEEG@runtime?5error?5?$AA@ 000000014000d3f8     LIBCMT:crt0msg.obj
 0002:00000408       ??_C@_02PCIJFNDE@?$AN?6?$AA@ 000000014000d408     LIBCMT:crt0msg.obj
 0002:00000410       ??_C@_0O@MJNIPGOH@TLOSS?5error?$AN?6?$AA@ 000000014000d410     LIBCMT:crt0msg.obj
 0002:00000420       ??_C@_0N@BONNPDHF@SING?5error?$AN?6?$AA@ 000000014000d420     LIBCMT:crt0msg.obj
 0002:00000430       ??_C@_0P@MBDAJNE@DOMAIN?5error?$AN?6?$AA@ 000000014000d430     LIBCMT:crt0msg.obj
 0002:00000440       ??_C@_0JL@DFDOOABL@R6034?$AN?6An?5application?5has?5made?5a@ 000000014000d440     LIBCMT:crt0msg.obj
 0002:000004e0       ??_C@_0PH@EPAFIJ@R6033?$AN?6?9?5Attempt?5to?5use?5MSIL?5cod@ 000000014000d4e0     LIBCMT:crt0msg.obj
 0002:000005d8       ??_C@_0DD@BKEEABMM@R6032?$AN?6?9?5not?5enough?5space?5for?5lo@ 000000014000d5d8     LIBCMT:crt0msg.obj
 0002:00000610       ??_C@_0GD@OFKILIED@R6031?$AN?6?9?5Attempt?5to?5initialize?5t@ 000000014000d610     LIBCMT:crt0msg.obj
 0002:00000678       ??_C@_0BP@LPMHJOKI@R6030?$AN?6?9?5CRT?5not?5initialized?$AN?6?$AA@ 000000014000d678     LIBCMT:crt0msg.obj
 0002:00000698       ??_C@_0CF@KJDAIALP@R6028?$AN?6?9?5unable?5to?5initialize?5he@ 000000014000d698     LIBCMT:crt0msg.obj
 0002:000006c0       ??_C@_0DF@GAKBPDFP@R6027?$AN?6?9?5not?5enough?5space?5for?5lo@ 000000014000d6c0     LIBCMT:crt0msg.obj
 0002:000006f8       ??_C@_0DF@IBLNNAIG@R6026?$AN?6?9?5not?5enough?5space?5for?5st@ 000000014000d6f8     LIBCMT:crt0msg.obj
 0002:00000730       ??_C@_0CG@IOHKGFNJ@R6025?$AN?6?9?5pure?5virtual?5function?5c@ 000000014000d730     LIBCMT:crt0msg.obj
 0002:00000758       ??_C@_0DF@JIJJFJDC@R6024?$AN?6?9?5not?5enough?5space?5for?5_o@ 000000014000d758     LIBCMT:crt0msg.obj
 0002:00000790       ??_C@_0CJ@EGEJHFME@R6019?$AN?6?9?5unable?5to?5open?5console?5@ 000000014000d790     LIBCMT:crt0msg.obj
 0002:000007c0       ??_C@_0CB@GNHNIELH@R6018?$AN?6?9?5unexpected?5heap?5error?$AN?6@ 000000014000d7c0     LIBCMT:crt0msg.obj
 0002:000007e8       ??_C@_0CN@FOLDKNG@R6017?$AN?6?9?5unexpected?5multithread?5@ 000000014000d7e8     LIBCMT:crt0msg.obj
 0002:00000818       ??_C@_0CM@FAHFJNHO@R6016?$AN?6?9?5not?5enough?5space?5for?5th@ 000000014000d818     LIBCMT:crt0msg.obj
 0002:00000850       ??_C@_0JG@LBKMGKLD@?$AN?6This?5application?5has?5requested@ 000000014000d850     LIBCMT:crt0msg.obj
 0002:000008e8       ??_C@_0CM@FLCNIPKK@R6009?$AN?6?9?5not?5enough?5space?5for?5en@ 000000014000d8e8     LIBCMT:crt0msg.obj
 0002:00000918       ??_C@_0CK@KMMJOAPP@R6008?$AN?6?9?5not?5enough?5space?5for?5ar@ 000000014000d918     LIBCMT:crt0msg.obj
 0002:00000948       ??_C@_0CN@LEKKICBM@R6002?$AN?6?9?5floating?5point?5support?5@ 000000014000d948     LIBCMT:crt0msg.obj
 0002:00000978       ??_C@_0CF@GOGNBNAK@Microsoft?5Visual?5C?$CL?$CL?5Runtime?5Lib@ 000000014000d978     LIBCMT:crt0msg.obj
 0002:000009a0       ??_C@_02PHMGELLB@?6?6?$AA@ 000000014000d9a0     LIBCMT:crt0msg.obj
 0002:000009a4       ??_C@_03KHICJKCI@?4?4?4?$AA@ 000000014000d9a4     LIBCMT:crt0msg.obj
 0002:000009a8       ??_C@_0BH@DNAGHKFM@?$DMprogram?5name?5unknown?$DO?$AA@ 000000014000d9a8     LIBCMT:crt0msg.obj
 0002:000009c0       ??_C@_0BK@OFGJDLJJ@Runtime?5Error?$CB?6?6Program?3?5?$AA@ 000000014000d9c0     LIBCMT:crt0msg.obj
 0002:000009e0       ??_C@_0CG@PKBDLMEO@InitializeCriticalSectionAndSpin@ 000000014000d9e0     LIBCMT:initcrit.obj
 0002:00000a08       ??_C@_0N@MDJJJHMB@kernel32?4dll?$AA@ 000000014000da08     LIBCMT:initcrit.obj
 0002:00000aa0       __lookuptable_s            000000014000daa0     LIBCMT:outputs.obj
 0002:00000b00       ??_C@_0BI@DFKBFLJE@GetProcessWindowStation?$AA@ 000000014000db00     LIBCMT:crtmbox.obj
 0002:00000b18       ??_C@_0BK@CIDNPOGP@GetUserObjectInformationA?$AA@ 000000014000db18     LIBCMT:crtmbox.obj
 0002:00000b38       ??_C@_0BD@HHGDFDBJ@GetLastActivePopup?$AA@ 000000014000db38     LIBCMT:crtmbox.obj
 0002:00000b50       ??_C@_0BA@HNOPNCHB@GetActiveWindow?$AA@ 000000014000db50     LIBCMT:crtmbox.obj
 0002:00000b60       ??_C@_0M@CHKKJDAI@MessageBoxA?$AA@ 000000014000db60     LIBCMT:crtmbox.obj
 0002:00000b70       ??_C@_0L@NDEGIDAG@USER32?4DLL?$AA@ 000000014000db70     LIBCMT:crtmbox.obj
 0002:00000b7c       ??_C@_13NOLLCAOD@?$AA?$AA?$AA?$AA@ 000000014000db7c     LIBCMT:a_map.obj
 0002:00000b80       __newctype                 000000014000db80     LIBCMT:ctype.obj
 0002:00000e80       _wctype                    000000014000de80     LIBCMT:ctype.obj
 0002:00001090       __newclmap                 000000014000e090     LIBCMT:ctype.obj
 0002:00001210       __newcumap                 000000014000e210     LIBCMT:ctype.obj
 0002:00001390       ??_C@_08JCCMCCIL@HH?3mm?3ss?$AA@ 000000014000e390     LIBCMT:strftime.obj
 0002:000013a0       ??_C@_0BE@CKGJFCPC@dddd?0?5MMMM?5dd?0?5yyyy?$AA@ 000000014000e3a0     LIBCMT:strftime.obj
 0002:000013b8       ??_C@_08BPBNCDIB@MM?1dd?1yy?$AA@ 000000014000e3b8     LIBCMT:strftime.obj
 0002:000013c4       ??_C@_02CJNFDJBF@PM?$AA@   000000014000e3c4     LIBCMT:strftime.obj
 0002:000013c8       ??_C@_02DEDBPAFC@AM?$AA@   000000014000e3c8     LIBCMT:strftime.obj
 0002:000013d0       ??_C@_08EDHMEBNP@December?$AA@ 000000014000e3d0     LIBCMT:strftime.obj
 0002:000013e0       ??_C@_08HCHEGEOA@November?$AA@ 000000014000e3e0     LIBCMT:strftime.obj
 0002:000013f0       ??_C@_07JJNFCEND@October?$AA@ 000000014000e3f0     LIBCMT:strftime.obj
 0002:000013f8       ??_C@_09BHHEALKD@September?$AA@ 000000014000e3f8     LIBCMT:strftime.obj
 0002:00001404       ??_C@_06LBBHFDDG@August?$AA@ 000000014000e404     LIBCMT:strftime.obj
 0002:0000140c       ??_C@_04MIEPOIFP@July?$AA@ 000000014000e40c     LIBCMT:strftime.obj
 0002:00001414       ??_C@_04CNLMGBGM@June?$AA@ 000000014000e414     LIBCMT:strftime.obj
 0002:0000141c       ??_C@_05DMJDNLEJ@April?$AA@ 000000014000e41c     LIBCMT:strftime.obj
 0002:00001424       ??_C@_05HPCKOFNC@March?$AA@ 000000014000e424     LIBCMT:strftime.obj
 0002:00001430       ??_C@_08GNJGEPFN@February?$AA@ 000000014000e430     LIBCMT:strftime.obj
 0002:00001440       ??_C@_07CGJPFGJA@January?$AA@ 000000014000e440     LIBCMT:strftime.obj
 0002:00001448       ??_C@_03MKABNOCG@Dec?$AA@  000000014000e448     LIBCMT:strftime.obj
 0002:0000144c       ??_C@_03JPJOFNIA@Nov?$AA@  000000014000e44c     LIBCMT:strftime.obj
 0002:00001450       ??_C@_03BMAOKBAD@Oct?$AA@  000000014000e450     LIBCMT:strftime.obj
 0002:00001454       ??_C@_03GGCAPAJC@Sep?$AA@  000000014000e454     LIBCMT:strftime.obj
 0002:00001458       ??_C@_03IFJFEIGA@Aug?$AA@  000000014000e458     LIBCMT:strftime.obj
 0002:0000145c       ??_C@_03LBGABGKK@Jul?$AA@  000000014000e45c     LIBCMT:strftime.obj
 0002:00001460       ??_C@_03IDFGHECI@Jun?$AA@  000000014000e460     LIBCMT:strftime.obj
 0002:00001464       ??_C@_03CNMDKL@May?$AA@    000000014000e464     LIBCMT:strftime.obj
 0002:00001468       ??_C@_03LEOLGMJP@Apr?$AA@  000000014000e468     LIBCMT:strftime.obj
 0002:0000146c       ??_C@_03ODNJBKGA@Mar?$AA@  000000014000e46c     LIBCMT:strftime.obj
 0002:00001470       ??_C@_03HJBDCHOM@Feb?$AA@  000000014000e470     LIBCMT:strftime.obj
 0002:00001474       ??_C@_03JIHJHPIE@Jan?$AA@  000000014000e474     LIBCMT:strftime.obj
 0002:00001478       ??_C@_08INBOOONO@Saturday?$AA@ 000000014000e478     LIBCMT:strftime.obj
 0002:00001484       ??_C@_06JECMNKMI@Friday?$AA@ 000000014000e484     LIBCMT:strftime.obj
 0002:00001490       ??_C@_08HACCIKIA@Thursday?$AA@ 000000014000e490     LIBCMT:strftime.obj
 0002:000014a0       ??_C@_09DLIGFAKA@Wednesday?$AA@ 000000014000e4a0     LIBCMT:strftime.obj
 0002:000014b0       ??_C@_07BAAGCFCM@Tuesday?$AA@ 000000014000e4b0     LIBCMT:strftime.obj
 0002:000014b8       ??_C@_06JLEDEDGH@Monday?$AA@ 000000014000e4b8     LIBCMT:strftime.obj
 0002:000014c0       ??_C@_06OOPIFAJ@Sunday?$AA@ 000000014000e4c0     LIBCMT:strftime.obj
 0002:000014c8       ??_C@_03FEFJNEK@Sat?$AA@   000000014000e4c8     LIBCMT:strftime.obj
 0002:000014cc       ??_C@_03IDIOELNC@Fri?$AA@  000000014000e4cc     LIBCMT:strftime.obj
 0002:000014d0       ??_C@_03IOFIKPDN@Thu?$AA@  000000014000e4d0     LIBCMT:strftime.obj
 0002:000014d4       ??_C@_03MHOMLAJA@Wed?$AA@  000000014000e4d4     LIBCMT:strftime.obj
 0002:000014d8       ??_C@_03NAGEINEP@Tue?$AA@  000000014000e4d8     LIBCMT:strftime.obj
 0002:000014dc       ??_C@_03PDAGKDH@Mon?$AA@   000000014000e4dc     LIBCMT:strftime.obj
 0002:000014e0       ??_C@_03KOEHGMDN@Sun?$AA@  000000014000e4e0     LIBCMT:strftime.obj
 0002:000014f8       ??_C@_07GPDNMNG@CONOUT$?$AA@ 000000014000e4f8     LIBCMT:initcon.obj
 0002:00001500       __dnames                   000000014000e500     LIBCMT:timeset.obj
 0002:00001518       __mnames                   000000014000e518     LIBCMT:timeset.obj
 0002:00001540       __rtc_iaa                  000000014000e540     LIBCMT:initsect.obj
 0002:00001548       __rtc_izz                  000000014000e548     LIBCMT:initsect.obj
 0002:00001550       __rtc_taa                  000000014000e550     LIBCMT:initsect.obj
 0002:00001558       __rtc_tzz                  000000014000e558     LIBCMT:initsect.obj
 0002:00002654       __IMPORT_DESCRIPTOR_hasp_windows_x64_demo 000000014000f654     hasp_windows_x64_demo:hasp_windows_x64_demo.dll
 0002:00002668       __IMPORT_DESCRIPTOR_KERNEL32 000000014000f668     kernel32:KERNEL32.dll
 0002:0000267c       __NULL_IMPORT_DESCRIPTOR   000000014000f67c     hasp_windows_x64_demo:hasp_windows_x64_demo.dll
 0003:00000000       vendor_code                0000000140010000     hasp_demo.obj
 0003:000003c8       data                       00000001400103c8     hasp_demo.obj
 0003:000003d8       datalen                    00000001400103d8     hasp_demo.obj
 0003:00001370       _iob                       0000000140011370     LIBCMT:_file.obj
 0003:00001730       _aexit_rtn                 0000000140011730     LIBCMT:crt0dat.obj
 0003:00001738       __app_type                 0000000140011738     LIBCMT:crt0.obj
 0003:00001740       __nullstring               0000000140011740     LIBCMT:output.obj
 0003:00001748       __wnullstring              0000000140011748     LIBCMT:output.obj
 0003:000018c0       __security_cookie          00000001400118c0     LIBCMT:gs_cookie.obj
 0003:000018c8       __security_cookie_complement 00000001400118c8     LIBCMT:gs_cookie.obj
 0003:00001b10       __badioinfo                0000000140011b10     LIBCMT:ioinit.obj
 0003:00001b60       __flsindex                 0000000140011b60     LIBCMT:tidtable.obj
 0003:00001b64       __getvalueindex            0000000140011b64     LIBCMT:tidtable.obj
 0003:00001ce0       _cfltcvt_tab               0000000140011ce0     LIBCMT:cmiscdat.obj
 0003:00001d30       _XcptActTab                0000000140011d30     LIBCMT:winxfltr.obj
 0003:00001dd0       _First_FPE_Indx            0000000140011dd0     LIBCMT:winxfltr.obj
 0003:00001dd4       _Num_FPE                   0000000140011dd4     LIBCMT:winxfltr.obj
 0003:00001dd8       _XcptActTabSize            0000000140011dd8     LIBCMT:winxfltr.obj
 0003:00001ddc       _XcptActTabCount           0000000140011ddc     LIBCMT:winxfltr.obj
 0003:00001de0       _amblksiz                  0000000140011de0     LIBCMT:heapinit.obj
 0003:00001df0       __initialmbcinfo           0000000140011df0     LIBCMT:mbctype.obj
 0003:00002010       _mbctype                   0000000140012010     LIBCMT:mbctype.obj
 0003:00002120       _mbcasemap                 0000000140012120     LIBCMT:mbctype.obj
 0003:00002220       __ptmbcinfo                0000000140012220     LIBCMT:mbctype.obj
 0003:00002328       __globallocalestatus       0000000140012328     LIBCMT:glstatus.obj
 0003:00002330       __clocalestr               0000000140012330     LIBCMT:nlsdata2.obj
 0003:00002340       __initiallocinfo           0000000140012340     LIBCMT:nlsdata2.obj
 0003:000024a0       __ptlocinfo                00000001400124a0     LIBCMT:nlsdata2.obj
 0003:000024a8       __lc_clike                 00000001400124a8     LIBCMT:nlsdata2.obj
 0003:000024b0       __initiallocalestructinfo  00000001400124b0     LIBCMT:nlsdata2.obj
 0003:000024c4       __abort_behavior           00000001400124c4     LIBCMT:abort.obj
 0003:000024d0       _pctype                    00000001400124d0     LIBCMT:ctype.obj
 0003:000024d8       _pwctype                   00000001400124d8     LIBCMT:ctype.obj
 0003:000024e0       __lc_time_c                00000001400124e0     LIBCMT:strftime.obj
 0003:00002648       __lc_time_curr             0000000140012648     LIBCMT:strftime.obj
 0003:00002650       __lconv_static_decimal     0000000140012650     LIBCMT:lconv.obj
 0003:00002660       __lconv_c                  0000000140012660     LIBCMT:lconv.obj
 0003:000026b8       __lconv                    00000001400126b8     LIBCMT:lconv.obj
 0003:000026c0       __mb_cur_max               00000001400126c0     LIBCMT:nlsdata1.obj
 0003:000026c4       __decimal_point            00000001400126c4     LIBCMT:nlsdata1.obj
 0003:000026c8       __decimal_point_length     00000001400126c8     LIBCMT:nlsdata1.obj
 0003:000026d0       _lookuptrailbytes          00000001400126d0     LIBCMT:read.obj
 0003:000027d0       _coninpfh                  00000001400127d0     LIBCMT:initcon.obj
 0003:000027d8       _confh                     00000001400127d8     LIBCMT:initcon.obj
 0003:000027e0       _timezone                  00000001400127e0     LIBCMT:timeset.obj
 0003:000027e4       _daylight                  00000001400127e4     LIBCMT:timeset.obj
 0003:000027e8       _dstbias                   00000001400127e8     LIBCMT:timeset.obj
 0003:00002870       _tzname                    0000000140012870     LIBCMT:timeset.obj
 0003:000028a0       _lpdays                    00000001400128a0     LIBCMT:days.obj
 0003:000028d8       _days                      00000001400128d8     LIBCMT:days.obj
 0003:00002928       _cflush                    0000000140012928     LIBCMT:_file.obj
 0003:00002930       _umaskval                  0000000140012930     LIBCMT:crt0dat.obj
 0003:00002934       _osplatform                0000000140012934     LIBCMT:crt0dat.obj
 0003:00002938       _osver                     0000000140012938     LIBCMT:crt0dat.obj
 0003:0000293c       _winver                    000000014001293c     LIBCMT:crt0dat.obj
 0003:00002940       _winmajor                  0000000140012940     LIBCMT:crt0dat.obj
 0003:00002944       _winminor                  0000000140012944     LIBCMT:crt0dat.obj
 0003:00002948       __argc                     0000000140012948     LIBCMT:crt0dat.obj
 0003:0000294c       _exitflag                  000000014001294c     LIBCMT:crt0dat.obj
 0003:00002950       __argv                     0000000140012950     LIBCMT:crt0dat.obj
 0003:00002958       __wargv                    0000000140012958     LIBCMT:crt0dat.obj
 0003:00002960       _environ                   0000000140012960     LIBCMT:crt0dat.obj
 0003:00002968       __initenv                  0000000140012968     LIBCMT:crt0dat.obj
 0003:00002970       _wenviron                  0000000140012970     LIBCMT:crt0dat.obj
 0003:00002978       __winitenv                 0000000140012978     LIBCMT:crt0dat.obj
 0003:00002980       _pgmptr                    0000000140012980     LIBCMT:crt0dat.obj
 0003:00002988       _wpgmptr                   0000000140012988     LIBCMT:crt0dat.obj
 0003:00002990       _C_Termination_Done        0000000140012990     LIBCMT:crt0dat.obj
 0003:00002994       _C_Exit_Done               0000000140012994     LIBCMT:crt0dat.obj
 0003:00002998       _aenvptr                   0000000140012998     LIBCMT:crt0.obj
 0003:000029a0       _wenvptr                   00000001400129a0     LIBCMT:crt0.obj
 0003:000029a8       __error_mode               00000001400129a8     LIBCMT:crt0.obj
 0003:000029b0       _stdbuf                    00000001400129b0     LIBCMT:_sftbuf.obj
 0003:000029c0       __pInvalidArgHandler       00000001400129c0     LIBCMT:invarg.obj
 0003:00002c00       _maxwait                   0000000140012c00     LIBCMT:crtheap.obj
 0003:00002f28       ?__pInconsistency@@3P6AXXZEA 0000000140012f28     LIBCMT:hooks.obj
 0003:00002f68       __pPurecall                0000000140012f68     LIBCMT:inithelp.obj
 0003:00002f78       ?_pnhHeap@@3P6AH_K@ZEA     0000000140012f78     LIBCMT:handler.obj
 0003:00003090       _crtheap                   0000000140013090     LIBCMT:heapinit.obj
 0003:000030a0       __mbulinfo                 00000001400130a0     LIBCMT:mbctype.obj
 0003:000030ac       __mbcodepage               00000001400130ac     LIBCMT:mbctype.obj
 0003:000030b0       __ismbcodepage             00000001400130b0     LIBCMT:mbctype.obj
 0003:000030b4       __mblcid                   00000001400130b4     LIBCMT:mbctype.obj
 0003:000030b8       __locale_changed           00000001400130b8     LIBCMT:setlocal.obj
 0003:000030c0       __lc_handle                00000001400130c0     LIBCMT:nlsdata2.obj
 0003:000030d8       __lc_codepage              00000001400130d8     LIBCMT:nlsdata2.obj
 0003:000030dc       __lc_collate_cp            00000001400130dc     LIBCMT:nlsdata2.obj
 0003:00003110       __lconv_static_null        0000000140013110     LIBCMT:lconv.obj
 0003:00003690       _newmode                   0000000140013690     LIBCMT:_newmode.obj
 0003:00003760       membuffer                  0000000140013760     <common>
 0003:000037e0       _debugger_hook_dummy       00000001400137e0     <common>
 0003:000037e4       _nhandle                   00000001400137e4     <common>
 0003:00003800       __pioinfo                  0000000140013800     <common>
 0003:00003a00       _pDestructExceptionObject  0000000140013a00     <common>
 0003:00003a08       _acmdln                    0000000140013a08     <common>
 0003:00003a10       __env_initialized          0000000140013a10     <common>
 0003:00003a18       __onexitend                0000000140013a18     <common>
 0003:00003a20       __onexitbegin              0000000140013a20     <common>
 0003:00003a28       __mbctype_initialized      0000000140013a28     <common>
 0003:00003a30       _FPinit                    0000000140013a30     <common>
 0003:00003a38       __dyn_tls_init_callback    0000000140013a38     <common>
 0003:00003a40       __piob                     0000000140013a40     <common>
 0003:00003a60       _bufin                     0000000140013a60     <common>
 0003:00004a60       _nstream                   0000000140014a60     <common>

 entry point at        0001:00001f50

 Static symbols

 0001:000012a0       printf$fin$0               00000001400022a0 f   LIBCMT:printf.obj
 0001:00001450       flsall                     0000000140002450 f   LIBCMT:fflush.obj
 0001:00001550       flsall$fin$0               0000000140002550 f   LIBCMT:fflush.obj
 0001:00001580       flsall$fin$1               0000000140002580 f   LIBCMT:fflush.obj
 0001:000015f0       fflush$fin$0               00000001400025f0 f   LIBCMT:fflush.obj
 0001:00001910       _initterm                  0000000140002910 f   LIBCMT:crt0dat.obj
 0001:00001ac0       doexit                     0000000140002ac0 f   LIBCMT:crt0dat.obj
 0001:00001be0       doexit$fin$0               0000000140002be0 f   LIBCMT:crt0dat.obj
 0001:00001cb0       __tmainCRTStartup          0000000140002cb0 f   LIBCMT:crt0.obj
 0001:00001f30       __tmainCRTStartup$filt$0   0000000140002f30 f   LIBCMT:crt0.obj
 0001:00002250       write_multi_char           0000000140003250 f   LIBCMT:output.obj
 0001:000022e0       write_string               00000001400032e0 f   LIBCMT:output.obj
 0001:00003830       getc$fin$0                 0000000140004830 f   LIBCMT:fgetc.obj
 0001:00004100       _write$fin$0               0000000140005100 f   LIBCMT:write.obj
 0001:00004280       _commit$fin$0              0000000140005280 f   LIBCMT:commit.obj
 0001:000044f0       _mtinitlocknum$fin$0       00000001400054f0 f   LIBCMT:mlock.obj
 0001:00004870       _ioinit$filt$0             0000000140005870 f   LIBCMT:ioinit.obj
 0001:00004b40       _fcloseall$fin$0           0000000140005b40 f   LIBCMT:closeall.obj
 0001:00004f60       _initptd$fin$0             0000000140005f60 f   LIBCMT:tidtable.obj
 0001:000051e0       _freefls$fin$1             00000001400061e0 f   LIBCMT:tidtable.obj
 0001:00005200       _freefls$fin$0             0000000140006200 f   LIBCMT:tidtable.obj
 0001:000057d0       _onexit$fin$0              00000001400067d0 f   LIBCMT:onexit.obj
 0001:00005990       _IsNonwritableInCurrentImage$filt$0 0000000140006990 f   LIBCMT:pesect.obj
 0001:00005ef0       raise$fin$0                0000000140006ef0 f   LIBCMT:winsig.obj
 0001:00005f40       __crtInitCritSecNoSpinCount 0000000140006f40 f   LIBCMT:initcrit.obj
 0001:00006050       __crtInitCritSecAndSpinCount$filt$0 0000000140007050 f   LIBCMT:initcrit.obj
 0001:000062b0       parse_cmdline              00000001400072b0 f   LIBCMT:stdargv.obj
 0001:000069d0       ?setSBCS@@YAXPEAUthreadmbcinfostruct@@@Z 00000001400079d0 f   LIBCMT:mbctype.obj
 0001:00006a80       ?setSBUpLow@@YAXPEAUthreadmbcinfostruct@@@Z 0000000140007a80 f   LIBCMT:mbctype.obj
 0001:00006d60       __updatetmbcinfo$fin$0     0000000140007d60 f   LIBCMT:mbctype.obj
 0001:00006d80       ?getSystemCP@@YAHH@Z       0000000140007d80 f   LIBCMT:mbctype.obj
 0001:00007460       _setmbcp$fin$0             0000000140008460 f   LIBCMT:mbctype.obj
 0001:00007790       _updatetlocinfoEx_nolock   0000000140008790 f   LIBCMT:setlocal.obj
 0001:00007870       __updatetlocinfo$fin$0     0000000140008870 f   LIBCMT:setlocal.obj
 0001:000087b0       _lseeki64$fin$0            00000001400097b0 f   LIBCMT:lseeki64.obj
 0001:000089f0       __lock_fhandle$fin$0       00000001400099f0 f   LIBCMT:osfinfo.obj
 0001:00008df0       fclose$fin$0               0000000140009df0 f   LIBCMT:fclose.obj
 0001:00009880       ?__crtLCMapStringA_stat@@YAHPEAUlocaleinfo_struct@@KKPEBDHPEADHHH@Z 000000014000a880 f   LIBCMT:a_map.obj
 0001:00009f20       ?__crtGetStringTypeA_stat@@YAHPEAUlocaleinfo_struct@@KPEBDHPEAGHHH@Z 000000014000af20 f   LIBCMT:a_str.obj
 0001:0000a910       ?strtoxl@@YAKPEAUlocaleinfo_struct@@PEBDPEAPEBDHH@Z 000000014000b910 f   LIBCMT:strtol.obj
 0001:0000b770       _read$fin$0                000000014000c770 f   LIBCMT:read.obj
 0001:0000b9f0       _close$fin$0               000000014000c9f0 f   LIBCMT:close.obj
