 sntl_admin_demo

 Timestamp is 5943dc81 (Fri Jun 16 15:26:25 2017)

 Preferred load address is 0000000140000000

 Start         Length     Name                   Class
 0001:00000000 0000e498H .text                   CODE
 0001:0000e4a0 0000005eH .text$00                CODE
 0002:00000000 00000278H .idata$5                DATA
 0002:00000278 00000008H .CRT$XCA                DATA
 0002:00000280 00000008H .CRT$XCZ                DATA
 0002:00000288 00000008H .CRT$XIA                DATA
 0002:00000290 00000018H .CRT$XIC                DATA
 0002:000002a8 00000008H .CRT$XIY                DATA
 0002:000002b0 00000008H .CRT$XIZ                DATA
 0002:000002b8 00000008H .CRT$XPA                DATA
 0002:000002c0 00000008H .CRT$XPX                DATA
 0002:000002c8 00000008H .CRT$XPXA               DATA
 0002:000002d0 00000008H .CRT$XPZ                DATA
 0002:000002d8 00000008H .CRT$XTA                DATA
 0002:000002e0 00000008H .CRT$XTZ                DATA
 0002:000002f0 0000124dH .rdata                  DATA
 0002:00001540 00000008H .rtc$IAA                DATA
 0002:00001548 00000008H .rtc$IZZ                DATA
 0002:00001550 00000008H .rtc$TAA                DATA
 0002:00001558 00000008H .rtc$TZZ                DATA
 0002:00001560 0000142cH .xdata                  DATA
 0002:0000298c 00000028H .idata$2                DATA
 0002:000029b4 00000014H .idata$3                DATA
 0002:000029c8 00000278H .idata$4                DATA
 0002:00002c40 0000053aH .idata$6                DATA
 0002:0000317a 00000000H .edata                  DATA
 0003:00000000 000033ccH .data                   DATA
 0003:000033e0 000020c4H .bss                    DATA
 0004:00000000 00000d44H .pdata                  DATA

  Address         Publics by Value              Rva+Base               Lib:Object

 0000:00000000       ___safe_se_handler_count   0000000000000000     <absolute>
 0000:00000000       ___safe_se_handler_table   0000000000000000     <absolute>
 0000:00000000       __ImageBase                0000000140000000     <linker-defined>
 0001:00000000       comment                    0000000140001000 f   sntl_admin_demo.obj
 0001:00000050       error_text                 0000000140001050 f   sntl_admin_demo.obj
 0001:00000230       trim                       0000000140001230 f   sntl_admin_demo.obj
 0001:00000300       my_sntl_admin_get          0000000140001300 f   sntl_admin_demo.obj
 0001:00000430       my_sntl_admin_set          0000000140001430 f   sntl_admin_demo.obj
 0001:00000530       check_result               0000000140001530 f   sntl_admin_demo.obj
 0001:00000610       main                       0000000140001610 f   sntl_admin_demo.obj
 0001:00000f76       sntl_admin_get             0000000140001f76 f   hasp_windows_x64_demo:hasp_windows_x64_demo.dll
 0001:00000f7c       sntl_admin_set             0000000140001f7c f   hasp_windows_x64_demo:hasp_windows_x64_demo.dll
 0001:00000f82       sntl_admin_context_delete  0000000140001f82 f   hasp_windows_x64_demo:hasp_windows_x64_demo.dll
 0001:00000f88       sntl_admin_free            0000000140001f88 f   hasp_windows_x64_demo:hasp_windows_x64_demo.dll
 0001:00000f8e       sntl_admin_context_new_scope 0000000140001f8e f   hasp_windows_x64_demo:hasp_windows_x64_demo.dll
 0001:00000fa0       fprintf                    0000000140001fa0 f   LIBCMT:fprintf.obj
 0001:00001190       printf                     0000000140002190 f   LIBCMT:printf.obj
 0001:00001280       _get_printf_count_output   0000000140002280 f   LIBCMT:printf.obj
 0001:000012b0       memcpy                     00000001400022b0 f   LIBCMT:memcpy.obj
 0001:000012b0       memmove                    00000001400022b0     LIBCMT:memcpy.obj
 0001:00001600       strlen                     0000000140002600 f   LIBCMT:strlen.obj
 0001:000016b0       __GSHandlerCheck           00000001400026b0 f   LIBCMT:gshandler.obj
 0001:00001720       _fclose_nolock             0000000140002720 f   LIBCMT:fclose.obj
 0001:000017c0       fclose                     00000001400027c0 f   LIBCMT:fclose.obj
 0001:00001860       free                       0000000140002860 f   LIBCMT:free.obj
 0001:000018c0       strcat                     00000001400028c0 f   LIBCMT:strcat.obj
 0001:00001960       strcpy                     0000000140002960 f   LIBCMT:strcat.obj
 0001:00001963       ___entry_from_strcat_in_strcpy 0000000140002963     LIBCMT:strcat.obj
 0001:00001a20       malloc                     0000000140002a20 f   LIBCMT:malloc.obj
 0001:00001af0       strstr                     0000000140002af0 f   LIBCMT:strstr.obj
 0001:00001b60       sprintf                    0000000140002b60 f   LIBCMT:sprintf.obj
 0001:00001c10       _fsopen                    0000000140002c10 f   LIBCMT:fopen.obj
 0001:00001d70       fopen                      0000000140002d70 f   LIBCMT:fopen.obj
 0001:00001d90       __security_check_cookie    0000000140002d90 f   LIBCMT:amdsecgs.obj
 0001:00001db0       getchar                    0000000140002db0 f   LIBCMT:fgetchar.obj
 0001:00001dd0       _flush                     0000000140002dd0 f   LIBCMT:fflush.obj
 0001:00001e50       _fflush_nolock             0000000140002e50 f   LIBCMT:fflush.obj
 0001:00002060       fflush                     0000000140003060 f   LIBCMT:fflush.obj
 0001:000020d0       _flushall                  00000001400030d0 f   LIBCMT:fflush.obj
 0001:000020e0       __iob_func                 00000001400030e0 f   LIBCMT:_file.obj
 0001:000020f0       __initstdio                00000001400030f0 f   LIBCMT:_file.obj
 0001:000021f0       __endstdio                 00000001400031f0 f   LIBCMT:_file.obj
 0001:00002220       _lock_file                 0000000140003220 f   LIBCMT:_file.obj
 0001:00002290       _lock_file2                0000000140003290 f   LIBCMT:_file.obj
 0001:000022d0       _unlock_file               00000001400032d0 f   LIBCMT:_file.obj
 0001:00002320       _unlock_file2              0000000140003320 f   LIBCMT:_file.obj
 0001:000025e0       mainCRTStartup             00000001400035e0 f   LIBCMT:crt0.obj
 0001:00002600       __C_specific_handler       0000000140003600 f   LIBCMT:chandler.obj
 0001:000027c0       _stbuf                     00000001400037c0 f   LIBCMT:_sftbuf.obj
 0001:000028a0       _ftbuf                     00000001400038a0 f   LIBCMT:_sftbuf.obj
 0001:00002a60       _output_l                  0000000140003a60 f   LIBCMT:output.obj
 0001:00003a40       _ioinit                    0000000140004a40 f   LIBCMT:ioinit.obj
 0001:00003d70       _fileno                    0000000140004d70 f   LIBCMT:fileno.obj
 0001:00003db0       _initp_misc_invarg         0000000140004db0 f   LIBCMT:invarg.obj
 0001:00003dc0       _invoke_watson             0000000140004dc0 f   LIBCMT:invarg.obj
 0001:00003e60       _invalid_parameter         0000000140004e60 f   LIBCMT:invarg.obj
 0001:00003f70       _get_errno_from_oserr      0000000140004f70 f   LIBCMT:dosmap.obj
 0001:00003fc0       _errno                     0000000140004fc0 f   LIBCMT:dosmap.obj
 0001:00003ff0       __doserrno                 0000000140004ff0 f   LIBCMT:dosmap.obj
 0001:00004020       _dosmaperr                 0000000140005020 f   LIBCMT:dosmap.obj
 0001:000040b0       _close_nolock              00000001400050b0 f   LIBCMT:close.obj
 0001:00004180       _close                     0000000140005180 f   LIBCMT:close.obj
 0001:000042b0       _freebuf                   00000001400052b0 f   LIBCMT:_freebuf.obj
 0001:000042f0       _heap_init                 00000001400052f0 f   LIBCMT:heapinit.obj
 0001:00004350       _amsg_exit                 0000000140005350 f   LIBCMT:crt0dat.obj
 0001:00004380       __crtExitProcess           0000000140005380 f   LIBCMT:crt0dat.obj
 0001:000043c0       _lockexit                  00000001400053c0 f   LIBCMT:crt0dat.obj
 0001:000043d0       _unlockexit                00000001400053d0 f   LIBCMT:crt0dat.obj
 0001:00004420       _get_osplatform            0000000140005420 f   LIBCMT:crt0dat.obj
 0001:00004470       _get_winmajor              0000000140005470 f   LIBCMT:crt0dat.obj
 0001:000044c0       _cinit                     00000001400054c0 f   LIBCMT:crt0dat.obj
 0001:000046d0       exit                       00000001400056d0 f   LIBCMT:crt0dat.obj
 0001:000046e0       _exit                      00000001400056e0 f   LIBCMT:crt0dat.obj
 0001:000046f0       _cexit                     00000001400056f0 f   LIBCMT:crt0dat.obj
 0001:00004700       _c_exit                    0000000140005700 f   LIBCMT:crt0dat.obj
 0001:00004710       _init_pointers             0000000140005710 f   LIBCMT:crt0dat.obj
 0001:00004780       _NMSG_WRITE                0000000140005780 f   LIBCMT:crt0msg.obj
 0001:000049c0       _FF_MSGBANNER              00000001400059c0 f   LIBCMT:crt0msg.obj
 0001:00004ab0       _initp_heap_handler        0000000140005ab0 f   LIBCMT:handler.obj
 0001:00004ac0       _callnewh                  0000000140005ac0 f   LIBCMT:handler.obj
 0001:00004b00       _flsbuf                    0000000140005b00 f   LIBCMT:_flsbuf.obj
 0001:00004cd0       _openfile                  0000000140005cd0 f   LIBCMT:_open.obj
 0001:00005030       _getstream                 0000000140006030 f   LIBCMT:stream.obj
 0001:000051e0       _local_unwind              00000001400061e0 f   LIBCMT:jmpuwind.obj
 0001:00005210       _NLG_Notify                0000000140006210 f   LIBCMT:jmpuwind.obj
 0001:00005230       __NLG_Dispatch2            0000000140006230 f   LIBCMT:jmpuwind.obj
 0001:00005240       __NLG_Return2              0000000140006240 f   LIBCMT:jmpuwind.obj
 0001:00005250       __report_gsfailure         0000000140006250 f   LIBCMT:gs_report.obj
 0001:000053a0       getc                       00000001400063a0 f   LIBCMT:fgetc.obj
 0001:00005540       _write_nolock              0000000140006540 f   LIBCMT:write.obj
 0001:00005cc0       _write                     0000000140006cc0 f   LIBCMT:write.obj
 0001:00005e10       _commit                    0000000140006e10 f   LIBCMT:commit.obj
 0001:00005f50       _mtinitlocks               0000000140006f50 f   LIBCMT:mlock.obj
 0001:00005ff0       _mtdeletelocks             0000000140006ff0 f   LIBCMT:mlock.obj
 0001:00006090       _unlock                    0000000140007090 f   LIBCMT:mlock.obj
 0001:000060b0       _mtinitlocknum             00000001400070b0 f   LIBCMT:mlock.obj
 0001:000061c0       _lock                      00000001400071c0 f   LIBCMT:mlock.obj
 0001:00006210       _malloc_crt                0000000140007210 f   LIBCMT:crtheap.obj
 0001:00006280       _calloc_crt                0000000140007280 f   LIBCMT:crtheap.obj
 0001:00006310       _realloc_crt               0000000140007310 f   LIBCMT:crtheap.obj
 0001:000063a0       _fcloseall                 00000001400073a0 f   LIBCMT:closeall.obj
 0001:00006490       ?__CxxUnhandledExceptionFilter@@YAJPEAU_EXCEPTION_POINTERS@@@Z 0000000140007490 f   LIBCMT:unhandld.obj
 0001:000064e0       __CxxSetUnhandledExceptionFilter 00000001400074e0 f   LIBCMT:unhandld.obj
 0001:00006500       _initp_misc_winxfltr       0000000140007500 f   LIBCMT:winxfltr.obj
 0001:00006510       _XcptFilter                0000000140007510 f   LIBCMT:winxfltr.obj
 0001:00006720       _setenvp                   0000000140007720 f   LIBCMT:stdenvp.obj
 0001:00006ab0       _setargv                   0000000140007ab0 f   LIBCMT:stdargv.obj
 0001:00006bc0       __crtGetEnvironmentStringsA 0000000140007bc0 f   LIBCMT:a_env.obj
 0001:00006d90       _RTC_Initialize            0000000140007d90 f   LIBCMT:initsect.obj
 0001:00006dd0       _RTC_Terminate             0000000140007dd0 f   LIBCMT:initsect.obj
 0001:00006e10       _encode_pointer            0000000140007e10 f   LIBCMT:tidtable.obj
 0001:00006ee0       _encoded_null              0000000140007ee0 f   LIBCMT:tidtable.obj
 0001:00006fd0       _decode_pointer            0000000140007fd0 f   LIBCMT:tidtable.obj
 0001:000070a0       _initptd                   00000001400080a0 f   LIBCMT:tidtable.obj
 0001:00007230       _getptd_noexit             0000000140008230 f   LIBCMT:tidtable.obj
 0001:000072c0       _getptd                    00000001400082c0 f   LIBCMT:tidtable.obj
 0001:00007360       _freefls                   0000000140008360 f   LIBCMT:tidtable.obj
 0001:000074d0       _mtinit                    00000001400084d0 f   LIBCMT:tidtable.obj
 0001:000075f0       __security_init_cookie     00000001400085f0 f   LIBCMT:gs_support.obj
 0001:000076b0       _ValidateImageBase         00000001400086b0 f   LIBCMT:pesect.obj
 0001:000076e0       _FindPESection             00000001400086e0 f   LIBCMT:pesect.obj
 0001:00007730       _IsNonwritableInCurrentImage 0000000140008730 f   LIBCMT:pesect.obj
 0001:000077a0       _isatty                    00000001400087a0 f   LIBCMT:isatty.obj
 0001:00007af0       __updatetmbcinfo           0000000140008af0 f   LIBCMT:mbctype.obj
 0001:00007ce0       _setmbcp_nolock            0000000140008ce0 f   LIBCMT:mbctype.obj
 0001:000080a0       _setmbcp                   00000001400090a0 f   LIBCMT:mbctype.obj
 0001:000082d0       __initmbctable             00000001400092d0 f   LIBCMT:mbctype.obj
 0001:00008300       __freetlocinfo             0000000140009300 f   LIBCMT:setlocal.obj
 0001:00008490       __addlocaleref             0000000140009490 f   LIBCMT:setlocal.obj
 0001:00008530       __removelocaleref          0000000140009530 f   LIBCMT:setlocal.obj
 0001:00008640       __updatetlocinfo           0000000140009640 f   LIBCMT:setlocal.obj
 0001:000086e0       _initp_misc_cfltcvt_tab    00000001400096e0 f   LIBCMT:cmiscdat.obj
 0001:00008720       _wctomb_s_l                0000000140009720 f   LIBCMT:wctomb.obj
 0001:000089d0       wctomb_s                   00000001400099d0 f   LIBCMT:wctomb.obj
 0001:000089f0       _isleadbyte_l              00000001400099f0 f i LIBCMT:_wctype.obj
 0001:00008ae0       isleadbyte                 0000000140009ae0 f i LIBCMT:_wctype.obj
 0001:00008bb0       _initp_misc_initcrit       0000000140009bb0 f   LIBCMT:initcrit.obj
 0001:00008be0       __crtInitCritSecAndSpinCount 0000000140009be0 f   LIBCMT:initcrit.obj
 0001:00008d00       __crt_debugger_hook        0000000140009d00 f   LIBCMT:dbghook.obj
 0001:00008d20       memset                     0000000140009d20 f   LIBCMT:memset.obj
 0001:00008e10       _set_osfhnd                0000000140009e10 f   LIBCMT:osfinfo.obj
 0001:00008ed0       _free_osfhnd               0000000140009ed0 f   LIBCMT:osfinfo.obj
 0001:00008fa0       _get_osfhandle             0000000140009fa0 f   LIBCMT:osfinfo.obj
 0001:00009040       __lock_fhandle             000000014000a040 f   LIBCMT:osfinfo.obj
 0001:00009110       _unlock_fhandle            000000014000a110 f   LIBCMT:osfinfo.obj
 0001:00009140       _alloc_osfhnd              000000014000a140 f   LIBCMT:osfinfo.obj
 0001:000093b0       __onexitinit               000000014000a3b0 f   LIBCMT:onexit.obj
 0001:00009400       _onexit                    000000014000a400 f   LIBCMT:onexit.obj
 0001:00009530       atexit                     000000014000a530 f   LIBCMT:onexit.obj
 0001:00009550       ?terminate@@YAXXZ          000000014000a550 f   LIBCMT:hooks.obj
 0001:00009580       _initp_eh_hooks            000000014000a580 f   LIBCMT:hooks.obj
 0001:000095a0       _initp_misc_winsig         000000014000a5a0 f   LIBCMT:winsig.obj
 0001:000095c0       __get_sigabrt              000000014000a5c0 f   LIBCMT:winsig.obj
 0001:000095d0       raise                      000000014000a5d0 f   LIBCMT:winsig.obj
 0001:00009880       _initp_misc_rand_s         000000014000a880 f   LIBCMT:rand_s.obj
 0001:00009890       _initp_misc_purevirt       000000014000a890 f   LIBCMT:inithelp.obj
 0001:000098a0       __crtMessageBoxA           000000014000a8a0 f   LIBCMT:crtmbox.obj
 0001:00009b00       strcat_s                   000000014000ab00 f   LIBCMT:strcat_s.obj
 0001:00009bc0       strncpy_s                  000000014000abc0 f   LIBCMT:strncpy_s.obj
 0001:00009ce0       strcpy_s                   000000014000ace0 f   LIBCMT:strcpy_s.obj
 0001:00009d90       _set_error_mode            000000014000ad90 f   LIBCMT:errmode.obj
 0001:00009df0       _lseeki64_nolock           000000014000adf0 f   LIBCMT:lseeki64.obj
 0001:00009ea0       _lseeki64                  000000014000aea0 f   LIBCMT:lseeki64.obj
 0001:0000a000       _getbuf                    000000014000b000 f   LIBCMT:_getbuf.obj
 0001:0000a970       _sopen_helper              000000014000b970 f   LIBCMT:open.obj
 0001:0000ab10       _sopen_s                   000000014000bb10 f   LIBCMT:open.obj
 0001:0000ab50       _mbsicmp_l                 000000014000bb50 f   LIBCMT:mbsicmp.obj
 0001:0000aeb0       _mbsicmp                   000000014000beb0 f   LIBCMT:mbsicmp.obj
 0001:0000aec0       _mbsnbcmp_l                000000014000bec0 f   LIBCMT:mbsnbcmp.obj
 0001:0000b0d0       _mbsnbcmp                  000000014000c0d0 f   LIBCMT:mbsnbcmp.obj
 0001:0000b0e0       _filbuf                    000000014000c0e0 f   LIBCMT:_filbuf.obj
 0001:0000b260       _putwch_nolock             000000014000c260 f   LIBCMT:putwch.obj
 0001:0000b390       _mbtowc_l                  000000014000c390 f   LIBCMT:mbtowc.obj
 0001:0000b5f0       mbtowc                     000000014000c5f0 f   LIBCMT:mbtowc.obj
 0001:0000b600       _calloc_impl               000000014000c600 f   LIBCMT:calloc.obj
 0001:0000b6d0       realloc                    000000014000c6d0 f   LIBCMT:realloc.obj
 0001:0000b7c0       _ismbblead                 000000014000c7c0 f   LIBCMT:ismbbyte.obj
 0001:0000bdc0       __crtLCMapStringA          000000014000cdc0 f   LIBCMT:a_map.obj
 0001:0000c180       __crtGetStringTypeA        000000014000d180 f   LIBCMT:a_str.obj
 0001:0000c2d0       __free_lc_time             000000014000d2d0 f   LIBCMT:inittime.obj
 0001:0000c4c0       __free_lconv_num           000000014000d4c0 f   LIBCMT:initnum.obj
 0001:0000c510       __free_lconv_mon           000000014000d510 f   LIBCMT:initmon.obj
 0001:0000c5c0       memcmp                     000000014000d5c0 f   LIBCMT:memcmp.obj
 0001:0000c6a0       strncmp                    000000014000d6a0 f   LIBCMT:strncmp.obj
 0001:0000c760       _fptrap                    000000014000d760 f   LIBCMT:crt0fp.obj
 0001:0000cb00       strtol                     000000014000db00 f   LIBCMT:strtol.obj
 0001:0000cb40       _msize                     000000014000db40 f   LIBCMT:msize.obj
 0001:0000cb90       abort                      000000014000db90 f   LIBCMT:abort.obj
 0001:0000cc40       _chsize_nolock             000000014000dc40 f   LIBCMT:chsize.obj
 0001:0000ce00       _read_nolock               000000014000de00 f   LIBCMT:read.obj
 0001:0000d710       _read                      000000014000e710 f   LIBCMT:read.obj
 0001:0000d8b0       _lseek_nolock              000000014000e8b0 f   LIBCMT:lseek.obj
 0001:0000d970       _setmode_nolock            000000014000e970 f   LIBCMT:setmode.obj
 0001:0000da70       _get_fmode                 000000014000ea70 f   LIBCMT:setmode.obj
 0001:0000dac0       _stricmp_l                 000000014000eac0 f   LIBCMT:stricmp.obj
 0001:0000dca0       __initconout               000000014000eca0 f   LIBCMT:initcon.obj
 0001:0000dce0       __termcon                  000000014000ece0 f   LIBCMT:initcon.obj
 0001:0000dd20       __ansicp                   000000014000ed20 f   LIBCMT:convrtcp.obj
 0001:0000dd90       __convertcp                000000014000ed90 f   LIBCMT:convrtcp.obj
 0001:0000e020       atol                       000000014000f020 f   LIBCMT:atox.obj
 0001:0000e030       _isctype_l                 000000014000f030 f   LIBCMT:isctype.obj
 0001:0000e220       _tolower_l                 000000014000f220 f   LIBCMT:tolower.obj
 0001:0000e486       RtlUnwindEx                000000014000f486 f   kernel32:KERNEL32.dll
 0001:0000e48c       RtlVirtualUnwind           000000014000f48c f   kernel32:KERNEL32.dll
 0001:0000e492       RtlLookupFunctionEntry     000000014000f492 f   kernel32:KERNEL32.dll
 0001:0000e4b0       __chkstk                   000000014000f4b0 f   LIBCMT:chkstk.obj
 0001:0000e4b0       _alloca_probe              000000014000f4b0     LIBCMT:chkstk.obj
 0002:00000000       __imp_ReadFile             0000000140010000     kernel32:KERNEL32.dll
 0002:00000008       __imp_GetLastError         0000000140010008     kernel32:KERNEL32.dll
 0002:00000010       __imp_HeapFree             0000000140010010     kernel32:KERNEL32.dll
 0002:00000018       __imp_HeapAlloc            0000000140010018     kernel32:KERNEL32.dll
 0002:00000020       __imp_EnterCriticalSection 0000000140010020     kernel32:KERNEL32.dll
 0002:00000028       __imp_LeaveCriticalSection 0000000140010028     kernel32:KERNEL32.dll
 0002:00000030       __imp_GetCommandLineA      0000000140010030     kernel32:KERNEL32.dll
 0002:00000038       __imp_GetVersionExA        0000000140010038     kernel32:KERNEL32.dll
 0002:00000040       __imp_GetProcessHeap       0000000140010040     kernel32:KERNEL32.dll
 0002:00000048       __imp_RtlUnwindEx          0000000140010048     kernel32:KERNEL32.dll
 0002:00000050       __imp_SetHandleCount       0000000140010050     kernel32:KERNEL32.dll
 0002:00000058       __imp_GetStdHandle         0000000140010058     kernel32:KERNEL32.dll
 0002:00000060       __imp_GetFileType          0000000140010060     kernel32:KERNEL32.dll
 0002:00000068       __imp_GetStartupInfoA      0000000140010068     kernel32:KERNEL32.dll
 0002:00000070       __imp_DeleteCriticalSection 0000000140010070     kernel32:KERNEL32.dll
 0002:00000078       __imp_TerminateProcess     0000000140010078     kernel32:KERNEL32.dll
 0002:00000080       __imp_GetCurrentProcess    0000000140010080     kernel32:KERNEL32.dll
 0002:00000088       __imp_UnhandledExceptionFilter 0000000140010088     kernel32:KERNEL32.dll
 0002:00000090       __imp_SetUnhandledExceptionFilter 0000000140010090     kernel32:KERNEL32.dll
 0002:00000098       __imp_IsDebuggerPresent    0000000140010098     kernel32:KERNEL32.dll
 0002:000000a0       __imp_RtlCaptureContext    00000001400100a0     kernel32:KERNEL32.dll
 0002:000000a8       __imp_CloseHandle          00000001400100a8     kernel32:KERNEL32.dll
 0002:000000b0       __imp_HeapSetInformation   00000001400100b0     kernel32:KERNEL32.dll
 0002:000000b8       __imp_HeapCreate           00000001400100b8     kernel32:KERNEL32.dll
 0002:000000c0       __imp_GetProcAddress       00000001400100c0     kernel32:KERNEL32.dll
 0002:000000c8       __imp_GetModuleHandleA     00000001400100c8     kernel32:KERNEL32.dll
 0002:000000d0       __imp_ExitProcess          00000001400100d0     kernel32:KERNEL32.dll
 0002:000000d8       __imp_WriteFile            00000001400100d8     kernel32:KERNEL32.dll
 0002:000000e0       __imp_GetModuleFileNameA   00000001400100e0     kernel32:KERNEL32.dll
 0002:000000e8       __imp_RtlVirtualUnwind     00000001400100e8     kernel32:KERNEL32.dll
 0002:000000f0       __imp_RtlLookupFunctionEntry 00000001400100f0     kernel32:KERNEL32.dll
 0002:000000f8       __imp_WideCharToMultiByte  00000001400100f8     kernel32:KERNEL32.dll
 0002:00000100       __imp_GetConsoleCP         0000000140010100     kernel32:KERNEL32.dll
 0002:00000108       __imp_GetConsoleMode       0000000140010108     kernel32:KERNEL32.dll
 0002:00000110       __imp_FlushFileBuffers     0000000140010110     kernel32:KERNEL32.dll
 0002:00000118       __imp_Sleep                0000000140010118     kernel32:KERNEL32.dll
 0002:00000120       __imp_FreeEnvironmentStringsA 0000000140010120     kernel32:KERNEL32.dll
 0002:00000128       __imp_GetEnvironmentStrings 0000000140010128     kernel32:KERNEL32.dll
 0002:00000130       __imp_FreeEnvironmentStringsW 0000000140010130     kernel32:KERNEL32.dll
 0002:00000138       __imp_GetEnvironmentStringsW 0000000140010138     kernel32:KERNEL32.dll
 0002:00000140       __imp_FlsGetValue          0000000140010140     kernel32:KERNEL32.dll
 0002:00000148       __imp_FlsSetValue          0000000140010148     kernel32:KERNEL32.dll
 0002:00000150       __imp_TlsFree              0000000140010150     kernel32:KERNEL32.dll
 0002:00000158       __imp_FlsFree              0000000140010158     kernel32:KERNEL32.dll
 0002:00000160       __imp_SetLastError         0000000140010160     kernel32:KERNEL32.dll
 0002:00000168       __imp_GetCurrentThreadId   0000000140010168     kernel32:KERNEL32.dll
 0002:00000170       __imp_FlsAlloc             0000000140010170     kernel32:KERNEL32.dll
 0002:00000178       __imp_QueryPerformanceCounter 0000000140010178     kernel32:KERNEL32.dll
 0002:00000180       __imp_GetTickCount         0000000140010180     kernel32:KERNEL32.dll
 0002:00000188       __imp_GetCurrentProcessId  0000000140010188     kernel32:KERNEL32.dll
 0002:00000190       __imp_GetSystemTimeAsFileTime 0000000140010190     kernel32:KERNEL32.dll
 0002:00000198       __imp_GetCPInfo            0000000140010198     kernel32:KERNEL32.dll
 0002:000001a0       __imp_GetACP               00000001400101a0     kernel32:KERNEL32.dll
 0002:000001a8       __imp_GetOEMCP             00000001400101a8     kernel32:KERNEL32.dll
 0002:000001b0       __imp_IsValidCodePage      00000001400101b0     kernel32:KERNEL32.dll
 0002:000001b8       __imp_InitializeCriticalSection 00000001400101b8     kernel32:KERNEL32.dll
 0002:000001c0       __imp_SetStdHandle         00000001400101c0     kernel32:KERNEL32.dll
 0002:000001c8       __imp_LoadLibraryA         00000001400101c8     kernel32:KERNEL32.dll
 0002:000001d0       __imp_SetFilePointer       00000001400101d0     kernel32:KERNEL32.dll
 0002:000001d8       __imp_CreateFileA          00000001400101d8     kernel32:KERNEL32.dll
 0002:000001e0       __imp_WriteConsoleA        00000001400101e0     kernel32:KERNEL32.dll
 0002:000001e8       __imp_GetConsoleOutputCP   00000001400101e8     kernel32:KERNEL32.dll
 0002:000001f0       __imp_WriteConsoleW        00000001400101f0     kernel32:KERNEL32.dll
 0002:000001f8       __imp_MultiByteToWideChar  00000001400101f8     kernel32:KERNEL32.dll
 0002:00000200       __imp_HeapReAlloc          0000000140010200     kernel32:KERNEL32.dll
 0002:00000208       __imp_LCMapStringA         0000000140010208     kernel32:KERNEL32.dll
 0002:00000210       __imp_LCMapStringW         0000000140010210     kernel32:KERNEL32.dll
 0002:00000218       __imp_GetStringTypeA       0000000140010218     kernel32:KERNEL32.dll
 0002:00000220       __imp_GetStringTypeW       0000000140010220     kernel32:KERNEL32.dll
 0002:00000228       __imp_GetLocaleInfoA       0000000140010228     kernel32:KERNEL32.dll
 0002:00000230       __imp_HeapSize             0000000140010230     kernel32:KERNEL32.dll
 0002:00000238       __imp_SetEndOfFile         0000000140010238     kernel32:KERNEL32.dll
 0002:00000240       \177KERNEL32_NULL_THUNK_DATA 0000000140010240     kernel32:KERNEL32.dll
 0002:00000248       __imp_sntl_admin_context_new_scope 0000000140010248     hasp_windows_x64_demo:hasp_windows_x64_demo.dll
 0002:00000250       __imp_sntl_admin_free      0000000140010250     hasp_windows_x64_demo:hasp_windows_x64_demo.dll
 0002:00000258       __imp_sntl_admin_context_delete 0000000140010258     hasp_windows_x64_demo:hasp_windows_x64_demo.dll
 0002:00000260       __imp_sntl_admin_set       0000000140010260     hasp_windows_x64_demo:hasp_windows_x64_demo.dll
 0002:00000268       __imp_sntl_admin_get       0000000140010268     hasp_windows_x64_demo:hasp_windows_x64_demo.dll
 0002:00000270       \177hasp_windows_x64_demo_NULL_THUNK_DATA 0000000140010270     hasp_windows_x64_demo:hasp_windows_x64_demo.dll
 0002:00000278       __xc_a                     0000000140010278     LIBCMT:crt0init.obj
 0002:00000280       __xc_z                     0000000140010280     LIBCMT:crt0init.obj
 0002:00000288       __xi_a                     0000000140010288     LIBCMT:crt0init.obj
 0002:000002b0       __xi_z                     00000001400102b0     LIBCMT:crt0init.obj
 0002:000002b8       __xp_a                     00000001400102b8     LIBCMT:crt0init.obj
 0002:000002d0       __xp_z                     00000001400102d0     LIBCMT:crt0init.obj
 0002:000002d8       __xt_a                     00000001400102d8     LIBCMT:crt0init.obj
 0002:000002e0       __xt_z                     00000001400102e0     LIBCMT:crt0init.obj
 0002:000002f0       ??_C@_1O@CEDCILHN@?$AA?$CI?$AAn?$AAu?$AAl?$AAl?$AA?$CJ?$AA?$AA@ 00000001400102f0     LIBCMT:output.obj
 0002:00000300       ??_C@_06OJHGLDPL@?$CInull?$CJ?$AA@ 0000000140010300     LIBCMT:output.obj
 0002:00000310       __lookuptable              0000000140010310     LIBCMT:output.obj
 0002:00000370       ??_C@_0P@MIGLKIOC@CorExitProcess?$AA@ 0000000140010370     LIBCMT:crt0dat.obj
 0002:00000380       ??_C@_0M@MBOPBNBK@mscoree?4dll?$AA@ 0000000140010380     LIBCMT:crt0dat.obj
 0002:00000390       ??_C@_0P@GGKDKEEG@runtime?5error?5?$AA@ 0000000140010390     LIBCMT:crt0msg.obj
 0002:000003a0       ??_C@_02PCIJFNDE@?$AN?6?$AA@ 00000001400103a0     LIBCMT:crt0msg.obj
 0002:000003a8       ??_C@_0O@MJNIPGOH@TLOSS?5error?$AN?6?$AA@ 00000001400103a8     LIBCMT:crt0msg.obj
 0002:000003b8       ??_C@_0N@BONNPDHF@SING?5error?$AN?6?$AA@ 00000001400103b8     LIBCMT:crt0msg.obj
 0002:000003c8       ??_C@_0P@MBDAJNE@DOMAIN?5error?$AN?6?$AA@ 00000001400103c8     LIBCMT:crt0msg.obj
 0002:000003e0       ??_C@_0JL@DFDOOABL@R6034?$AN?6An?5application?5has?5made?5a@ 00000001400103e0     LIBCMT:crt0msg.obj
 0002:00000480       ??_C@_0PH@EPAFIJ@R6033?$AN?6?9?5Attempt?5to?5use?5MSIL?5cod@ 0000000140010480     LIBCMT:crt0msg.obj
 0002:00000578       ??_C@_0DD@BKEEABMM@R6032?$AN?6?9?5not?5enough?5space?5for?5lo@ 0000000140010578     LIBCMT:crt0msg.obj
 0002:000005b0       ??_C@_0GD@OFKILIED@R6031?$AN?6?9?5Attempt?5to?5initialize?5t@ 00000001400105b0     LIBCMT:crt0msg.obj
 0002:00000618       ??_C@_0BP@LPMHJOKI@R6030?$AN?6?9?5CRT?5not?5initialized?$AN?6?$AA@ 0000000140010618     LIBCMT:crt0msg.obj
 0002:00000638       ??_C@_0CF@KJDAIALP@R6028?$AN?6?9?5unable?5to?5initialize?5he@ 0000000140010638     LIBCMT:crt0msg.obj
 0002:00000660       ??_C@_0DF@GAKBPDFP@R6027?$AN?6?9?5not?5enough?5space?5for?5lo@ 0000000140010660     LIBCMT:crt0msg.obj
 0002:00000698       ??_C@_0DF@IBLNNAIG@R6026?$AN?6?9?5not?5enough?5space?5for?5st@ 0000000140010698     LIBCMT:crt0msg.obj
 0002:000006d0       ??_C@_0CG@IOHKGFNJ@R6025?$AN?6?9?5pure?5virtual?5function?5c@ 00000001400106d0     LIBCMT:crt0msg.obj
 0002:000006f8       ??_C@_0DF@JIJJFJDC@R6024?$AN?6?9?5not?5enough?5space?5for?5_o@ 00000001400106f8     LIBCMT:crt0msg.obj
 0002:00000730       ??_C@_0CJ@EGEJHFME@R6019?$AN?6?9?5unable?5to?5open?5console?5@ 0000000140010730     LIBCMT:crt0msg.obj
 0002:00000760       ??_C@_0CB@GNHNIELH@R6018?$AN?6?9?5unexpected?5heap?5error?$AN?6@ 0000000140010760     LIBCMT:crt0msg.obj
 0002:00000788       ??_C@_0CN@FOLDKNG@R6017?$AN?6?9?5unexpected?5multithread?5@ 0000000140010788     LIBCMT:crt0msg.obj
 0002:000007b8       ??_C@_0CM@FAHFJNHO@R6016?$AN?6?9?5not?5enough?5space?5for?5th@ 00000001400107b8     LIBCMT:crt0msg.obj
 0002:000007f0       ??_C@_0JG@LBKMGKLD@?$AN?6This?5application?5has?5requested@ 00000001400107f0     LIBCMT:crt0msg.obj
 0002:00000888       ??_C@_0CM@FLCNIPKK@R6009?$AN?6?9?5not?5enough?5space?5for?5en@ 0000000140010888     LIBCMT:crt0msg.obj
 0002:000008b8       ??_C@_0CK@KMMJOAPP@R6008?$AN?6?9?5not?5enough?5space?5for?5ar@ 00000001400108b8     LIBCMT:crt0msg.obj
 0002:000008e8       ??_C@_0CN@LEKKICBM@R6002?$AN?6?9?5floating?5point?5support?5@ 00000001400108e8     LIBCMT:crt0msg.obj
 0002:00000918       ??_C@_0CF@GOGNBNAK@Microsoft?5Visual?5C?$CL?$CL?5Runtime?5Lib@ 0000000140010918     LIBCMT:crt0msg.obj
 0002:00000940       ??_C@_02PHMGELLB@?6?6?$AA@ 0000000140010940     LIBCMT:crt0msg.obj
 0002:00000944       ??_C@_03KHICJKCI@?4?4?4?$AA@ 0000000140010944     LIBCMT:crt0msg.obj
 0002:00000948       ??_C@_0BH@DNAGHKFM@?$DMprogram?5name?5unknown?$DO?$AA@ 0000000140010948     LIBCMT:crt0msg.obj
 0002:00000960       ??_C@_0BK@OFGJDLJJ@Runtime?5Error?$CB?6?6Program?3?5?$AA@ 0000000140010960     LIBCMT:crt0msg.obj
 0002:000009b8       ??_C@_07EPKMNAGK@?4mixcrt?$AA@ 00000001400109b8     LIBCMT:tidtable.obj
 0002:000009c0       ??_C@_0O@NLDKAIKN@EncodePointer?$AA@ 00000001400109c0     LIBCMT:tidtable.obj
 0002:000009d0       ??_C@_0N@NHGLKGEC@KERNEL32?4DLL?$AA@ 00000001400109d0     LIBCMT:tidtable.obj
 0002:000009e0       ??_C@_0O@KBPMFGHI@DecodePointer?$AA@ 00000001400109e0     LIBCMT:tidtable.obj
 0002:00000a70       ??_C@_0CG@PKBDLMEO@InitializeCriticalSectionAndSpin@ 0000000140010a70     LIBCMT:initcrit.obj
 0002:00000a98       ??_C@_0N@MDJJJHMB@kernel32?4dll?$AA@ 0000000140010a98     LIBCMT:initcrit.obj
 0002:00000ab0       __lookuptable_s            0000000140010ab0     LIBCMT:outputs.obj
 0002:00000b10       ??_C@_0BI@DFKBFLJE@GetProcessWindowStation?$AA@ 0000000140010b10     LIBCMT:crtmbox.obj
 0002:00000b28       ??_C@_0BK@CIDNPOGP@GetUserObjectInformationA?$AA@ 0000000140010b28     LIBCMT:crtmbox.obj
 0002:00000b48       ??_C@_0BD@HHGDFDBJ@GetLastActivePopup?$AA@ 0000000140010b48     LIBCMT:crtmbox.obj
 0002:00000b60       ??_C@_0BA@HNOPNCHB@GetActiveWindow?$AA@ 0000000140010b60     LIBCMT:crtmbox.obj
 0002:00000b70       ??_C@_0M@CHKKJDAI@MessageBoxA?$AA@ 0000000140010b70     LIBCMT:crtmbox.obj
 0002:00000b80       ??_C@_0L@NDEGIDAG@USER32?4DLL?$AA@ 0000000140010b80     LIBCMT:crtmbox.obj
 0002:00000b8c       ??_C@_13NOLLCAOD@?$AA?$AA?$AA?$AA@ 0000000140010b8c     LIBCMT:a_map.obj
 0002:00000b90       __newctype                 0000000140010b90     LIBCMT:ctype.obj
 0002:00000e90       _wctype                    0000000140010e90     LIBCMT:ctype.obj
 0002:000010a0       __newclmap                 00000001400110a0     LIBCMT:ctype.obj
 0002:00001220       __newcumap                 0000000140011220     LIBCMT:ctype.obj
 0002:000013a0       ??_C@_08JCCMCCIL@HH?3mm?3ss?$AA@ 00000001400113a0     LIBCMT:strftime.obj
 0002:000013b0       ??_C@_0BE@CKGJFCPC@dddd?0?5MMMM?5dd?0?5yyyy?$AA@ 00000001400113b0     LIBCMT:strftime.obj
 0002:000013c8       ??_C@_08BPBNCDIB@MM?1dd?1yy?$AA@ 00000001400113c8     LIBCMT:strftime.obj
 0002:000013d4       ??_C@_02CJNFDJBF@PM?$AA@   00000001400113d4     LIBCMT:strftime.obj
 0002:000013d8       ??_C@_02DEDBPAFC@AM?$AA@   00000001400113d8     LIBCMT:strftime.obj
 0002:000013e0       ??_C@_08EDHMEBNP@December?$AA@ 00000001400113e0     LIBCMT:strftime.obj
 0002:000013f0       ??_C@_08HCHEGEOA@November?$AA@ 00000001400113f0     LIBCMT:strftime.obj
 0002:00001400       ??_C@_07JJNFCEND@October?$AA@ 0000000140011400     LIBCMT:strftime.obj
 0002:00001408       ??_C@_09BHHEALKD@September?$AA@ 0000000140011408     LIBCMT:strftime.obj
 0002:00001414       ??_C@_06LBBHFDDG@August?$AA@ 0000000140011414     LIBCMT:strftime.obj
 0002:0000141c       ??_C@_04MIEPOIFP@July?$AA@ 000000014001141c     LIBCMT:strftime.obj
 0002:00001424       ??_C@_04CNLMGBGM@June?$AA@ 0000000140011424     LIBCMT:strftime.obj
 0002:0000142c       ??_C@_05DMJDNLEJ@April?$AA@ 000000014001142c     LIBCMT:strftime.obj
 0002:00001434       ??_C@_05HPCKOFNC@March?$AA@ 0000000140011434     LIBCMT:strftime.obj
 0002:00001440       ??_C@_08GNJGEPFN@February?$AA@ 0000000140011440     LIBCMT:strftime.obj
 0002:00001450       ??_C@_07CGJPFGJA@January?$AA@ 0000000140011450     LIBCMT:strftime.obj
 0002:00001458       ??_C@_03MKABNOCG@Dec?$AA@  0000000140011458     LIBCMT:strftime.obj
 0002:0000145c       ??_C@_03JPJOFNIA@Nov?$AA@  000000014001145c     LIBCMT:strftime.obj
 0002:00001460       ??_C@_03BMAOKBAD@Oct?$AA@  0000000140011460     LIBCMT:strftime.obj
 0002:00001464       ??_C@_03GGCAPAJC@Sep?$AA@  0000000140011464     LIBCMT:strftime.obj
 0002:00001468       ??_C@_03IFJFEIGA@Aug?$AA@  0000000140011468     LIBCMT:strftime.obj
 0002:0000146c       ??_C@_03LBGABGKK@Jul?$AA@  000000014001146c     LIBCMT:strftime.obj
 0002:00001470       ??_C@_03IDFGHECI@Jun?$AA@  0000000140011470     LIBCMT:strftime.obj
 0002:00001474       ??_C@_03CNMDKL@May?$AA@    0000000140011474     LIBCMT:strftime.obj
 0002:00001478       ??_C@_03LEOLGMJP@Apr?$AA@  0000000140011478     LIBCMT:strftime.obj
 0002:0000147c       ??_C@_03ODNJBKGA@Mar?$AA@  000000014001147c     LIBCMT:strftime.obj
 0002:00001480       ??_C@_03HJBDCHOM@Feb?$AA@  0000000140011480     LIBCMT:strftime.obj
 0002:00001484       ??_C@_03JIHJHPIE@Jan?$AA@  0000000140011484     LIBCMT:strftime.obj
 0002:00001488       ??_C@_08INBOOONO@Saturday?$AA@ 0000000140011488     LIBCMT:strftime.obj
 0002:00001494       ??_C@_06JECMNKMI@Friday?$AA@ 0000000140011494     LIBCMT:strftime.obj
 0002:000014a0       ??_C@_08HACCIKIA@Thursday?$AA@ 00000001400114a0     LIBCMT:strftime.obj
 0002:000014b0       ??_C@_09DLIGFAKA@Wednesday?$AA@ 00000001400114b0     LIBCMT:strftime.obj
 0002:000014c0       ??_C@_07BAAGCFCM@Tuesday?$AA@ 00000001400114c0     LIBCMT:strftime.obj
 0002:000014c8       ??_C@_06JLEDEDGH@Monday?$AA@ 00000001400114c8     LIBCMT:strftime.obj
 0002:000014d0       ??_C@_06OOPIFAJ@Sunday?$AA@ 00000001400114d0     LIBCMT:strftime.obj
 0002:000014d8       ??_C@_03FEFJNEK@Sat?$AA@   00000001400114d8     LIBCMT:strftime.obj
 0002:000014dc       ??_C@_03IDIOELNC@Fri?$AA@  00000001400114dc     LIBCMT:strftime.obj
 0002:000014e0       ??_C@_03IOFIKPDN@Thu?$AA@  00000001400114e0     LIBCMT:strftime.obj
 0002:000014e4       ??_C@_03MHOMLAJA@Wed?$AA@  00000001400114e4     LIBCMT:strftime.obj
 0002:000014e8       ??_C@_03NAGEINEP@Tue?$AA@  00000001400114e8     LIBCMT:strftime.obj
 0002:000014ec       ??_C@_03PDAGKDH@Mon?$AA@   00000001400114ec     LIBCMT:strftime.obj
 0002:000014f0       ??_C@_03KOEHGMDN@Sun?$AA@  00000001400114f0     LIBCMT:strftime.obj
 0002:000014f8       ??_C@_07GPDNMNG@CONOUT$?$AA@ 00000001400114f8     LIBCMT:initcon.obj
 0002:00001500       __dnames                   0000000140011500     LIBCMT:timeset.obj
 0002:00001518       __mnames                   0000000140011518     LIBCMT:timeset.obj
 0002:00001540       __rtc_iaa                  0000000140011540     LIBCMT:initsect.obj
 0002:00001548       __rtc_izz                  0000000140011548     LIBCMT:initsect.obj
 0002:00001550       __rtc_taa                  0000000140011550     LIBCMT:initsect.obj
 0002:00001558       __rtc_tzz                  0000000140011558     LIBCMT:initsect.obj
 0002:0000298c       __IMPORT_DESCRIPTOR_hasp_windows_x64_demo 000000014001298c     hasp_windows_x64_demo:hasp_windows_x64_demo.dll
 0002:000029a0       __IMPORT_DESCRIPTOR_KERNEL32 00000001400129a0     kernel32:KERNEL32.dll
 0002:000029b4       __NULL_IMPORT_DESCRIPTOR   00000001400129b4     hasp_windows_x64_demo:hasp_windows_x64_demo.dll
 0003:00000000       vendor_code                0000000140014000     sntl_admin_demo.obj
 0003:00001e20       __security_cookie          0000000140015e20     LIBCMT:gs_cookie.obj
 0003:00001e28       __security_cookie_complement 0000000140015e28     LIBCMT:gs_cookie.obj
 0003:00001e30       _iob                       0000000140015e30     LIBCMT:_file.obj
 0003:000021f0       __app_type                 00000001400161f0     LIBCMT:crt0.obj
 0003:000021f8       __nullstring               00000001400161f8     LIBCMT:output.obj
 0003:00002200       __wnullstring              0000000140016200     LIBCMT:output.obj
 0003:00002210       __badioinfo                0000000140016210     LIBCMT:ioinit.obj
 0003:000023d0       _amblksiz                  00000001400163d0     LIBCMT:heapinit.obj
 0003:000023d8       _aexit_rtn                 00000001400163d8     LIBCMT:crt0dat.obj
 0003:00002790       _XcptActTab                0000000140016790     LIBCMT:winxfltr.obj
 0003:00002830       _First_FPE_Indx            0000000140016830     LIBCMT:winxfltr.obj
 0003:00002834       _Num_FPE                   0000000140016834     LIBCMT:winxfltr.obj
 0003:00002838       _XcptActTabSize            0000000140016838     LIBCMT:winxfltr.obj
 0003:0000283c       _XcptActTabCount           000000014001683c     LIBCMT:winxfltr.obj
 0003:00002840       __flsindex                 0000000140016840     LIBCMT:tidtable.obj
 0003:00002844       __getvalueindex            0000000140016844     LIBCMT:tidtable.obj
 0003:00002850       __initialmbcinfo           0000000140016850     LIBCMT:mbctype.obj
 0003:00002a70       _mbctype                   0000000140016a70     LIBCMT:mbctype.obj
 0003:00002b80       _mbcasemap                 0000000140016b80     LIBCMT:mbctype.obj
 0003:00002c80       __ptmbcinfo                0000000140016c80     LIBCMT:mbctype.obj
 0003:00002d88       __globallocalestatus       0000000140016d88     LIBCMT:glstatus.obj
 0003:00002d90       __clocalestr               0000000140016d90     LIBCMT:nlsdata2.obj
 0003:00002da0       __initiallocinfo           0000000140016da0     LIBCMT:nlsdata2.obj
 0003:00002f00       __ptlocinfo                0000000140016f00     LIBCMT:nlsdata2.obj
 0003:00002f08       __lc_clike                 0000000140016f08     LIBCMT:nlsdata2.obj
 0003:00002f10       __initiallocalestructinfo  0000000140016f10     LIBCMT:nlsdata2.obj
 0003:00002f20       _cfltcvt_tab               0000000140016f20     LIBCMT:cmiscdat.obj
 0003:00002f78       _pctype                    0000000140016f78     LIBCMT:ctype.obj
 0003:00002f80       _pwctype                   0000000140016f80     LIBCMT:ctype.obj
 0003:00002f90       __lc_time_c                0000000140016f90     LIBCMT:strftime.obj
 0003:000030f8       __lc_time_curr             00000001400170f8     LIBCMT:strftime.obj
 0003:00003100       __lconv_static_decimal     0000000140017100     LIBCMT:lconv.obj
 0003:00003110       __lconv_c                  0000000140017110     LIBCMT:lconv.obj
 0003:00003168       __lconv                    0000000140017168     LIBCMT:lconv.obj
 0003:00003170       __mb_cur_max               0000000140017170     LIBCMT:nlsdata1.obj
 0003:00003174       __decimal_point            0000000140017174     LIBCMT:nlsdata1.obj
 0003:00003178       __decimal_point_length     0000000140017178     LIBCMT:nlsdata1.obj
 0003:00003180       __abort_behavior           0000000140017180     LIBCMT:abort.obj
 0003:00003190       _lookuptrailbytes          0000000140017190     LIBCMT:read.obj
 0003:00003290       _coninpfh                  0000000140017290     LIBCMT:initcon.obj
 0003:00003298       _confh                     0000000140017298     LIBCMT:initcon.obj
 0003:000032a0       _timezone                  00000001400172a0     LIBCMT:timeset.obj
 0003:000032a4       _daylight                  00000001400172a4     LIBCMT:timeset.obj
 0003:000032a8       _dstbias                   00000001400172a8     LIBCMT:timeset.obj
 0003:00003330       _tzname                    0000000140017330     LIBCMT:timeset.obj
 0003:00003360       _lpdays                    0000000140017360     LIBCMT:days.obj
 0003:00003398       _days                      0000000140017398     LIBCMT:days.obj
 0003:000033e0       data                       00000001400173e0     sntl_admin_demo.obj
 0003:000033e8       backup                     00000001400173e8     sntl_admin_demo.obj
 0003:000033f0       error_count                00000001400173f0     sntl_admin_demo.obj
 0003:000033f8       fp                         00000001400173f8     sntl_admin_demo.obj
 0003:00003408       _cflush                    0000000140017408     LIBCMT:_file.obj
 0003:00003410       _aenvptr                   0000000140017410     LIBCMT:crt0.obj
 0003:00003418       _wenvptr                   0000000140017418     LIBCMT:crt0.obj
 0003:00003420       __error_mode               0000000140017420     LIBCMT:crt0.obj
 0003:00003428       _stdbuf                    0000000140017428     LIBCMT:_sftbuf.obj
 0003:00003438       __pInvalidArgHandler       0000000140017438     LIBCMT:invarg.obj
 0003:00003440       _crtheap                   0000000140017440     LIBCMT:heapinit.obj
 0003:00003448       _umaskval                  0000000140017448     LIBCMT:crt0dat.obj
 0003:0000344c       _osplatform                000000014001744c     LIBCMT:crt0dat.obj
 0003:00003450       _osver                     0000000140017450     LIBCMT:crt0dat.obj
 0003:00003454       _winver                    0000000140017454     LIBCMT:crt0dat.obj
 0003:00003458       _winmajor                  0000000140017458     LIBCMT:crt0dat.obj
 0003:0000345c       _winminor                  000000014001745c     LIBCMT:crt0dat.obj
 0003:00003460       __argc                     0000000140017460     LIBCMT:crt0dat.obj
 0003:00003464       _exitflag                  0000000140017464     LIBCMT:crt0dat.obj
 0003:00003468       __argv                     0000000140017468     LIBCMT:crt0dat.obj
 0003:00003470       __wargv                    0000000140017470     LIBCMT:crt0dat.obj
 0003:00003478       _environ                   0000000140017478     LIBCMT:crt0dat.obj
 0003:00003480       __initenv                  0000000140017480     LIBCMT:crt0dat.obj
 0003:00003488       _wenviron                  0000000140017488     LIBCMT:crt0dat.obj
 0003:00003490       __winitenv                 0000000140017490     LIBCMT:crt0dat.obj
 0003:00003498       _pgmptr                    0000000140017498     LIBCMT:crt0dat.obj
 0003:000034a0       _wpgmptr                   00000001400174a0     LIBCMT:crt0dat.obj
 0003:000034a8       _C_Termination_Done        00000001400174a8     LIBCMT:crt0dat.obj
 0003:000034ac       _C_Exit_Done               00000001400174ac     LIBCMT:crt0dat.obj
 0003:000037c8       ?_pnhHeap@@3P6AH_K@ZEA     00000001400177c8     LIBCMT:handler.obj
 0003:000037d0       _newmode                   00000001400177d0     LIBCMT:_newmode.obj
 0003:00003f80       _maxwait                   0000000140017f80     LIBCMT:crtheap.obj
 0003:000040a8       __mbulinfo                 00000001400180a8     LIBCMT:mbctype.obj
 0003:000040b4       __mbcodepage               00000001400180b4     LIBCMT:mbctype.obj
 0003:000040b8       __ismbcodepage             00000001400180b8     LIBCMT:mbctype.obj
 0003:000040bc       __mblcid                   00000001400180bc     LIBCMT:mbctype.obj
 0003:000040c0       __locale_changed           00000001400180c0     LIBCMT:setlocal.obj
 0003:000040c8       __lc_handle                00000001400180c8     LIBCMT:nlsdata2.obj
 0003:000040e0       __lc_codepage              00000001400180e0     LIBCMT:nlsdata2.obj
 0003:000040e4       __lc_collate_cp            00000001400180e4     LIBCMT:nlsdata2.obj
 0003:000040f0       ?__pInconsistency@@3P6AXXZEA 00000001400180f0     LIBCMT:hooks.obj
 0003:00004130       __pPurecall                0000000140018130     LIBCMT:inithelp.obj
 0003:00004160       _commode                   0000000140018160     LIBCMT:ncommode.obj
 0003:0000416c       __lconv_static_null        000000014001816c     LIBCMT:lconv.obj
 0003:0000422c       _fmode                     000000014001822c     LIBCMT:txtmode.obj
 0003:00004230       ctx                        0000000140018230     <common>
 0003:00004238       rc                         0000000140018238     <common>
 0003:0000423c       _debugger_hook_dummy       000000014001823c     <common>
 0003:00004240       __env_initialized          0000000140018240     <common>
 0003:00004248       __onexitend                0000000140018248     <common>
 0003:00004250       __onexitbegin              0000000140018250     <common>
 0003:00004258       __mbctype_initialized      0000000140018258     <common>
 0003:00004260       _FPinit                    0000000140018260     <common>
 0003:00004268       __dyn_tls_init_callback    0000000140018268     <common>
 0003:00004270       _nhandle                   0000000140018270     <common>
 0003:00004280       __pioinfo                  0000000140018280     <common>
 0003:00004480       _pDestructExceptionObject  0000000140018480     <common>
 0003:00004488       _acmdln                    0000000140018488     <common>
 0003:00004490       __piob                     0000000140018490     <common>
 0003:000044a0       _bufin                     00000001400184a0     <common>
 0003:000054a0       _nstream                   00000001400194a0     <common>

 entry point at        0001:000025e0

 Static symbols

 0001:00000f10       usage                      0000000140001f10 f   sntl_admin_demo.obj
 0001:00001170       fprintf$fin$0              0000000140002170 f   LIBCMT:fprintf.obj
 0001:00001250       printf$fin$0               0000000140002250 f   LIBCMT:printf.obj
 0001:00001840       fclose$fin$0               0000000140002840 f   LIBCMT:fclose.obj
 0001:00001d50       _fsopen$fin$0              0000000140002d50 f   LIBCMT:fopen.obj
 0001:00001f10       flsall                     0000000140002f10 f   LIBCMT:fflush.obj
 0001:00002010       flsall$fin$0               0000000140003010 f   LIBCMT:fflush.obj
 0001:00002040       flsall$fin$1               0000000140003040 f   LIBCMT:fflush.obj
 0001:000020b0       fflush$fin$0               00000001400030b0 f   LIBCMT:fflush.obj
 0001:00002340       __tmainCRTStartup          0000000140003340 f   LIBCMT:crt0.obj
 0001:000025c0       __tmainCRTStartup$filt$0   00000001400035c0 f   LIBCMT:crt0.obj
 0001:000028e0       write_multi_char           00000001400038e0 f   LIBCMT:output.obj
 0001:00002970       write_string               0000000140003970 f   LIBCMT:output.obj
 0001:00003d50       _ioinit$filt$0             0000000140004d50 f   LIBCMT:ioinit.obj
 0001:00004290       _close$fin$0               0000000140005290 f   LIBCMT:close.obj
 0001:000043e0       _initterm                  00000001400053e0 f   LIBCMT:crt0dat.obj
 0001:00004590       doexit                     0000000140005590 f   LIBCMT:crt0dat.obj
 0001:000046b0       doexit$fin$0               00000001400056b0 f   LIBCMT:crt0dat.obj
 0001:000051b0       _getstream$fin$0           00000001400061b0 f   LIBCMT:stream.obj
 0001:00005520       getc$fin$0                 0000000140006520 f   LIBCMT:fgetc.obj
 0001:00005df0       _write$fin$0               0000000140006df0 f   LIBCMT:write.obj
 0001:00005f30       _commit$fin$0              0000000140006f30 f   LIBCMT:commit.obj
 0001:000061a0       _mtinitlocknum$fin$0       00000001400071a0 f   LIBCMT:mlock.obj
 0001:00006470       _fcloseall$fin$0           0000000140007470 f   LIBCMT:closeall.obj
 0001:00006890       parse_cmdline              0000000140007890 f   LIBCMT:stdargv.obj
 0001:00007210       _initptd$fin$0             0000000140008210 f   LIBCMT:tidtable.obj
 0001:00007490       _freefls$fin$1             0000000140008490 f   LIBCMT:tidtable.obj
 0001:000074b0       _freefls$fin$0             00000001400084b0 f   LIBCMT:tidtable.obj
 0001:00007770       _IsNonwritableInCurrentImage$filt$0 0000000140008770 f   LIBCMT:pesect.obj
 0001:00007820       ?setSBCS@@YAXPEAUthreadmbcinfostruct@@@Z 0000000140008820 f   LIBCMT:mbctype.obj
 0001:000078d0       ?setSBUpLow@@YAXPEAUthreadmbcinfostruct@@@Z 00000001400088d0 f   LIBCMT:mbctype.obj
 0001:00007bb0       __updatetmbcinfo$fin$0     0000000140008bb0 f   LIBCMT:mbctype.obj
 0001:00007bd0       ?getSystemCP@@YAHH@Z       0000000140008bd0 f   LIBCMT:mbctype.obj
 0001:000082b0       _setmbcp$fin$0             00000001400092b0 f   LIBCMT:mbctype.obj
 0001:000085e0       _updatetlocinfoEx_nolock   00000001400095e0 f   LIBCMT:setlocal.obj
 0001:000086c0       __updatetlocinfo$fin$0     00000001400096c0 f   LIBCMT:setlocal.obj
 0001:00008bc0       __crtInitCritSecNoSpinCount 0000000140009bc0 f   LIBCMT:initcrit.obj
 0001:00008cd0       __crtInitCritSecAndSpinCount$filt$0 0000000140009cd0 f   LIBCMT:initcrit.obj
 0001:000090f0       __lock_fhandle$fin$0       000000014000a0f0 f   LIBCMT:osfinfo.obj
 0001:00009370       _alloc_osfhnd$fin$0        000000014000a370 f   LIBCMT:osfinfo.obj
 0001:00009390       _alloc_osfhnd$fin$1        000000014000a390 f   LIBCMT:osfinfo.obj
 0001:00009510       _onexit$fin$0              000000014000a510 f   LIBCMT:onexit.obj
 0001:00009860       raise$fin$0                000000014000a860 f   LIBCMT:winsig.obj
 0001:00009fe0       _lseeki64$fin$0            000000014000afe0 f   LIBCMT:lseeki64.obj
 0001:0000a060       _tsopen_nolock             000000014000b060 f   LIBCMT:open.obj
 0001:0000aab0       _sopen_helper$fin$0        000000014000bab0 f   LIBCMT:open.obj
 0001:0000b880       ?__crtLCMapStringA_stat@@YAHPEAUlocaleinfo_struct@@KKPEBDHPEADHHH@Z 000000014000c880 f   LIBCMT:a_map.obj
 0001:0000bf20       ?__crtGetStringTypeA_stat@@YAHPEAUlocaleinfo_struct@@KPEBDHPEAGHHH@Z 000000014000cf20 f   LIBCMT:a_str.obj
 0001:0000c770       ?strtoxl@@YAKPEAUlocaleinfo_struct@@PEBDPEAPEBDHH@Z 000000014000d770 f   LIBCMT:strtol.obj
 0001:0000d890       _read$fin$0                000000014000e890 f   LIBCMT:read.obj
