 hasp_demo

 Timestamp is 5943dc59 (Fri Jun 16 15:25:45 2017)

 Preferred load address is 00400000

 Start         Length     Name                   Class
 0001:00000000 000077b4H .text                   CODE
 0002:00000000 00000134H .idata$5                DATA
 0002:00000138 00001170H .rdata                  DATA
 0002:000012b0 00000008H .rdata$sxdata           DATA
 0002:000012b8 00000004H .rtc$IAA                DATA
 0002:000012bc 00000004H .rtc$IZZ                DATA
 0002:000012c0 00000004H .rtc$TAA                DATA
 0002:000012c4 00000004H .rtc$TZZ                DATA
 0002:000012c8 00000028H .idata$2                DATA
 0002:000012f0 00000014H .idata$3                DATA
 0002:00001304 00000134H .idata$4                DATA
 0002:00001438 00000472H .idata$6                DATA
 0002:000018aa 00000000H .edata                  DATA
 0003:00000000 00000004H .CRT$XCA                DATA
 0003:00000004 00000004H .CRT$XCAA               DATA
 0003:00000008 00000004H .CRT$XCZ                DATA
 0003:0000000c 00000004H .CRT$XIA                DATA
 0003:00000010 0000000cH .CRT$XIC                DATA
 0003:0000001c 00000004H .CRT$XIZ                DATA
 0003:00000020 00000004H .CRT$XPA                DATA
 0003:00000024 00000004H .CRT$XPX                DATA
 0003:00000028 00000004H .CRT$XPZ                DATA
 0003:0000002c 00000004H .CRT$XTA                DATA
 0003:00000030 00000004H .CRT$XTZ                DATA
 0003:00000040 00001e50H .data                   DATA
 0003:00001ea0 000018e4H .bss                    DATA

  Address         Publics by Value              Rva+Base     Lib:Object

 0000:00000000       __except_list              00000000     <absolute>
 0000:00000002       ___safe_se_handler_count   00000002     <absolute>
 0001:00000000       _dump_hex                  00401000 f   hasp_demo.obj
 0001:000000a0       _dump_ascii                004010a0 f   hasp_demo.obj
 0001:00000170       _dump                      00401170 f   hasp_demo.obj
 0001:000001f0       _wait4key                  004011f0 f   hasp_demo.obj
 0001:00000230       _encrypt_decrypt           00401230 f   hasp_demo.obj
 0001:00000420       _main                      00401420 f   hasp_demo.obj
 0001:00000fc6       _hasp_decrypt@12           00401fc6 f   hasp_windows_demo:hasp_windows_demo.dll
 0001:00000fcc       _hasp_encrypt@12           00401fcc f   hasp_windows_demo:hasp_windows_demo.dll
 0001:00000fd2       _hasp_get_info@16          00401fd2 f   hasp_windows_demo:hasp_windows_demo.dll
 0001:00000fd8       _hasp_login_scope@16       00401fd8 f   hasp_windows_demo:hasp_windows_demo.dll
 0001:00000fde       _hasp_hasptime_to_datetime@32 00401fde f   hasp_windows_demo:hasp_windows_demo.dll
 0001:00000fe4       _hasp_get_rtc@8            00401fe4 f   hasp_windows_demo:hasp_windows_demo.dll
 0001:00000fea       _hasp_write@20             00401fea f   hasp_windows_demo:hasp_windows_demo.dll
 0001:00000ff0       _hasp_read@20              00401ff0 f   hasp_windows_demo:hasp_windows_demo.dll
 0001:00000ff6       _hasp_get_size@12          00401ff6 f   hasp_windows_demo:hasp_windows_demo.dll
 0001:00000ffc       _hasp_logout@4             00401ffc f   hasp_windows_demo:hasp_windows_demo.dll
 0001:00001002       _hasp_free@4               00402002 f   hasp_windows_demo:hasp_windows_demo.dll
 0001:00001008       _hasp_get_sessioninfo@12   00402008 f   hasp_windows_demo:hasp_windows_demo.dll
 0001:0000100e       _hasp_login@12             0040200e f   hasp_windows_demo:hasp_windows_demo.dll
 0001:00001014       _printf                    00402014 f   LIBCMT:printf.obj
 0001:0000107a       __fgetchar                 0040207a f   LIBCMT:fgetchar.obj
 0001:00001086       _getchar                   00402086 f   LIBCMT:fgetchar.obj
 0001:0000108b       __flush                    0040208b f   LIBCMT:fflush.obj
 0001:000010e8       __fflush_lk                004020e8 f   LIBCMT:fflush.obj
 0001:000011eb       _fflush                    004021eb f   LIBCMT:fflush.obj
 0001:0000123b       __flushall                 0040223b f   LIBCMT:fflush.obj
 0001:00001244       ___initstdio               00402244 f   LIBCMT:_file.obj
 0001:000012ed       ___endstdio                004022ed f   LIBCMT:_file.obj
 0001:00001301       __lock_file                00402301 f   LIBCMT:_file.obj
 0001:00001330       __lock_file2               00402330 f   LIBCMT:_file.obj
 0001:00001353       __unlock_file              00402353 f   LIBCMT:_file.obj
 0001:00001382       __unlock_file2             00402382 f   LIBCMT:_file.obj
 0001:000013a5       ___crtExitProcess          004023a5 f   LIBCMT:crt0dat.obj
 0001:000013d5       __lockexit                 004023d5 f   LIBCMT:crt0dat.obj
 0001:000013de       __unlockexit               004023de f   LIBCMT:crt0dat.obj
 0001:000013ff       __cinit                    004023ff f   LIBCMT:crt0dat.obj
 0001:0000152c       _exit                      0040252c f   LIBCMT:crt0dat.obj
 0001:0000153d       __exit                     0040253d f   LIBCMT:crt0dat.obj
 0001:0000154e       __cexit                    0040254e f   LIBCMT:crt0dat.obj
 0001:0000155d       __c_exit                   0040255d f   LIBCMT:crt0dat.obj
 0001:0000156c       __amsg_exit                0040256c f   LIBCMT:crt0.obj
 0001:000015b5       _mainCRTStartup            004025b5 f   LIBCMT:crt0.obj
 0001:00001775       __stbuf                    00402775 f   LIBCMT:_sftbuf.obj
 0001:000017fd       __ftbuf                    004027fd f   LIBCMT:_sftbuf.obj
 0001:000018b5       __output                   004028b5 f   LIBCMT:output.obj
 0001:000020b0       __SEH_prolog               004030b0 f   LIBCMT:sehprolg.obj
 0001:000020eb       __SEH_epilog               004030eb f   LIBCMT:sehprolg.obj
 0001:00002104       __except_handler3          00403104 f   LIBCMT:exsup3.obj
 0001:000021ea       __seh_longjmp_unwind@4     004031ea f   LIBCMT:exsup3.obj
 0001:00002205       _getc                      00403205 f   LIBCMT:fgetc.obj
 0001:00002255       __write_lk                 00403255 f   LIBCMT:write.obj
 0001:00002423       __write                    00403423 f   LIBCMT:write.obj
 0001:000024ce       __commit                   004034ce f   LIBCMT:commit.obj
 0001:0000258a       __mtinitlocks              0040358a f   LIBCMT:mlock.obj
 0001:000025d3       __mtdeletelocks            004035d3 f   LIBCMT:mlock.obj
 0001:00002628       __unlock                   00403628 f   LIBCMT:mlock.obj
 0001:0000263d       __mtinitlocknum            0040363d f   LIBCMT:mlock.obj
 0001:000026dd       __lock                     004036dd f   LIBCMT:mlock.obj
 0001:0000270e       __ioinit                   0040370e f   LIBCMT:ioinit.obj
 0001:0000290c       _calloc                    0040390c f   LIBCMT:calloc.obj
 0001:000029c7       __fcloseall                004039c7 f   LIBCMT:closeall.obj
 0001:00002ae2       ___onexitinit              00403ae2 f   LIBCMT:onexit.obj
 0001:00002b0a       __onexit                   00403b0a f   LIBCMT:onexit.obj
 0001:00002b42       _atexit                    00403b42 f   LIBCMT:onexit.obj
 0001:00002b54       __RTC_Initialize           00403b54 f   LIBCMT:initsect.obj
 0001:00002b98       __RTC_Terminate            00403b98 f   LIBCMT:initsect.obj
 0001:00002bdc       __NMSG_WRITE               00403bdc f   LIBCMT:crt0msg.obj
 0001:00002d53       __FF_MSGBANNER             00403d53 f   LIBCMT:crt0msg.obj
 0001:00002d8c       __XcptFilter               00403d8c f   LIBCMT:winxfltr.obj
 0001:00002ef0       __setenvp                  00403ef0 f   LIBCMT:stdenvp.obj
 0001:00003123       __setargv                  00404123 f   LIBCMT:stdargv.obj
 0001:000031c5       ___crtGetEnvironmentStringsA 004041c5 f   LIBCMT:a_env.obj
 0001:000032e7       ___crtTlsAlloc@4           004042e7 f   LIBCMT:tidtable.obj
 0001:000032f0       __mtterm                   004042f0 f   LIBCMT:tidtable.obj
 0001:0000330d       __getptd                   0040430d f   LIBCMT:tidtable.obj
 0001:0000337e       __freefls@4                0040437e f   LIBCMT:tidtable.obj
 0001:000034c5       __mtinit                   004044c5 f   LIBCMT:tidtable.obj
 0001:000035b4       ___heap_select             004045b4 f   LIBCMT:heapinit.obj
 0001:000035ce       __heap_init                004045ce f   LIBCMT:heapinit.obj
 0001:00003620       __chkstk                   00404620 f   LIBCMT:chkstk.obj
 0001:00003620       __alloca_probe             00404620     LIBCMT:chkstk.obj
 0001:0000365d       __heap_alloc               0040465d f   LIBCMT:malloc.obj
 0001:000036d8       __nh_malloc                004046d8 f   LIBCMT:malloc.obj
 0001:00003704       _malloc                    00404704 f   LIBCMT:malloc.obj
 0001:00003716       __isatty                   00404716 f   LIBCMT:isatty.obj
 0001:00003740       __flsbuf                   00404740 f   LIBCMT:_flsbuf.obj
 0001:00003859       _free                      00404859 f   LIBCMT:free.obj
 0001:000038d0       _strlen                    004048d0 f   LIBCMT:strlen.obj
 0001:0000395b       ___wctomb_mt               0040495b f   LIBCMT:wctomb.obj
 0001:000039bb       _wctomb                    004049bb f   LIBCMT:wctomb.obj
 0001:00003a13       @__security_check_cookie@4 00404a13 f   LIBCMT:secchk.obj
 0001:00003a30       __aulldvrm                 00404a30 f   LIBCMT:ulldvrm.obj
 0001:00003ac8       __global_unwind2           00404ac8 f   LIBCMT:exsup.obj
 0001:00003b0a       __local_unwind2            00404b0a f   LIBCMT:exsup.obj
 0001:00003b62       __NLG_Return2              00404b62     LIBCMT:exsup.obj
 0001:00003b72       __abnormal_termination     00404b72 f   LIBCMT:exsup.obj
 0001:00003b95       __NLG_Notify1              00404b95 f   LIBCMT:exsup.obj
 0001:00003b9e       __NLG_Notify               00404b9e f   LIBCMT:exsup.obj
 0001:00003bb1       __NLG_Dispatch             00404bb1     LIBCMT:exsup.obj
 0001:00003bb6       __ValidateEH3RN            00404bb6 f   LIBCMT:eh3valid.obj
 0001:00003ddf       __filbuf                   00404ddf f   LIBCMT:_filbuf.obj
 0001:00003ec0       __errno                    00404ec0 f   LIBCMT:dosmap.obj
 0001:00003ec9       ___doserrno                00404ec9 f   LIBCMT:dosmap.obj
 0001:00003ed2       __dosmaperr                00404ed2 f   LIBCMT:dosmap.obj
 0001:00003f45       __lseeki64_lk              00404f45 f   LIBCMT:lseeki64.obj
 0001:00003fc8       __free_osfhnd              00404fc8 f   LIBCMT:osfinfo.obj
 0001:00004047       __get_osfhandle            00405047 f   LIBCMT:osfinfo.obj
 0001:00004088       __lock_fhandle             00405088 f   LIBCMT:osfinfo.obj
 0001:00004128       __unlock_fhandle           00405128 f   LIBCMT:osfinfo.obj
 0001:0000415a       ___crtInitCritSecAndSpinCount 0040515a f   LIBCMT:initcrit.obj
 0001:000041e5       __callnewh                 004051e5 f   LIBCMT:handler.obj
 0001:00004200       _memset                    00405200 f   LIBCMT:memset.obj
 0001:00004260       ___sbh_heap_init           00405260 f   LIBCMT:sbheap.obj
 0001:000042a8       ___sbh_find_block          004052a8 f   LIBCMT:sbheap.obj
 0001:000042d3       ___sbh_free_block          004052d3 f   LIBCMT:sbheap.obj
 0001:000045eb       ___sbh_alloc_new_region    004055eb f   LIBCMT:sbheap.obj
 0001:000046a2       ___sbh_alloc_new_group     004056a2 f   LIBCMT:sbheap.obj
 0001:000047a8       ___sbh_resize_block        004057a8 f   LIBCMT:sbheap.obj
 0001:00004a87       ___sbh_alloc_block         00405a87 f   LIBCMT:sbheap.obj
 0001:00004d83       __fclose_lk                00405d83 f   LIBCMT:fclose.obj
 0001:00004dcf       _fclose                    00405dcf f   LIBCMT:fclose.obj
 0001:00004e20       _realloc                   00405e20 f   LIBCMT:realloc.obj
 0001:00004fcd       __msize                    00405fcd f   LIBCMT:msize.obj
 0001:00005043       ___crtMessageBoxA          00406043 f   LIBCMT:crtmbox.obj
 0001:00005140       _strcpy                    00406140 f   LIBCMT:strcat.obj
 0001:00005150       _strcat                    00406150 f   LIBCMT:strcat.obj
 0001:00005240       _strncpy                   00406240 f   LIBCMT:strncpy.obj
 0001:000056d8       __setmbcp                  004066d8 f   LIBCMT:mbctype.obj
 0001:00005828       ___initmbctable            00406828 f   LIBCMT:mbctype.obj
 0001:00005850       _memcpy                    00406850 f   LIBCMT:memcpy.obj
 0001:00005b8d       ___freetlocinfo            00406b8d f   LIBCMT:setlocal.obj
 0001:00005d1e       ___updatetlocinfo          00406d1e f   LIBCMT:setlocal.obj
 0001:00005d59       __lseek_lk                 00406d59 f   LIBCMT:lseek.obj
 0001:00005dcd       __lseek                    00406dcd f   LIBCMT:lseek.obj
 0001:00005e78       __getbuf                   00406e78 f   LIBCMT:_getbuf.obj
 0001:00005ebc       __fptrap                   00406ebc f   LIBCMT:crt0fp.obj
 0001:00005ec5       ___security_init_cookie    00406ec5 f   LIBCMT:seccinit.obj
 0001:00005f2b       ___security_error_handler  00406f2b f   LIBCMT:secfail.obj
 0001:00006073       __read_lk                  00407073 f   LIBCMT:read.obj
 0001:0000624e       __read                     0040724e f   LIBCMT:read.obj
 0001:00006300       _memmove                   00407300 f   LIBCMT:memmove.obj
 0001:0000663d       __close_lk                 0040763d f   LIBCMT:close.obj
 0001:000066c0       __close                    004076c0 f   LIBCMT:close.obj
 0001:0000675b       __freebuf                  0040775b f   LIBCMT:_freebuf.obj
 0001:00006786       ___crtLCMapStringA         00407786 f   LIBCMT:a_map.obj
 0001:00006b42       ___crtGetStringTypeA       00407b42 f   LIBCMT:a_str.obj
 0001:00006cfc       ___free_lc_time            00407cfc f   LIBCMT:inittime.obj
 0001:00006e8c       ___free_lconv_num          00407e8c f   LIBCMT:initnum.obj
 0001:00006eeb       ___free_lconv_mon          00407eeb f   LIBCMT:initmon.obj
 0001:00006fd0       _strcspn                   00407fd0 f   LIBCMT:strcspn.obj
 0001:00007020       _strcmp                    00408020 f   LIBCMT:strcmp.obj
 0001:000070b0       _memcmp                    004080b0 f   LIBCMT:memcmp.obj
 0001:00007170       _strncmp                   00408170 f   LIBCMT:strncmp.obj
 0001:000071b0       _strpbrk                   004081b0 f   LIBCMT:strpbrk.obj
 0001:000071f0       ___ansicp                  004081f0 f   LIBCMT:convrtcp.obj
 0001:00007233       ___convertcp               00408233 f   LIBCMT:convrtcp.obj
 0001:000073fc       __resetstkoflw             004083fc f   LIBCMT:resetstk.obj
 0001:000074e0       ___ascii_stricmp           004084e0 f   LIBCMT:_stricmp.obj
 0001:0000752e       _atol                      0040852e f   LIBCMT:atox.obj
 0001:000075b6       ___isctype_mt              004085b6 f   LIBCMT:isctype.obj
 0001:00007630       __allmul                   00408630 f   LIBCMT:llmul.obj
 0001:00007670       ___ascii_strnicmp          00408670 f   LIBCMT:_strnicm.obj
 0001:000076f0       _strchr                    004086f0 f   LIBCMT:strchr.obj
 0001:000076f6       ___from_strstr_to_strchr   004086f6     LIBCMT:strchr.obj
 0001:000077ae       _RtlUnwind@16              004087ae f   kernel32:KERNEL32.dll
 0002:00000000       __imp__TlsSetValue@8       00409000     kernel32:KERNEL32.dll
 0002:00000004       __imp__GetSystemInfo@4     00409004     kernel32:KERNEL32.dll
 0002:00000008       __imp__VirtualProtect@16   00409008     kernel32:KERNEL32.dll
 0002:0000000c       __imp__GetLocaleInfoA@16   0040900c     kernel32:KERNEL32.dll
 0002:00000010       __imp__EnterCriticalSection@4 00409010     kernel32:KERNEL32.dll
 0002:00000014       __imp__LeaveCriticalSection@4 00409014     kernel32:KERNEL32.dll
 0002:00000018       __imp__ExitProcess@4       00409018     kernel32:KERNEL32.dll
 0002:0000001c       __imp__GetProcAddress@8    0040901c     kernel32:KERNEL32.dll
 0002:00000020       __imp__GetModuleHandleA@4  00409020     kernel32:KERNEL32.dll
 0002:00000024       __imp__TerminateProcess@8  00409024     kernel32:KERNEL32.dll
 0002:00000028       __imp__GetCurrentProcess@0 00409028     kernel32:KERNEL32.dll
 0002:0000002c       __imp__GetCommandLineA@0   0040902c     kernel32:KERNEL32.dll
 0002:00000030       __imp__GetVersionExA@4     00409030     kernel32:KERNEL32.dll
 0002:00000034       __imp__GetLastError@0      00409034     kernel32:KERNEL32.dll
 0002:00000038       __imp__WriteFile@20        00409038     kernel32:KERNEL32.dll
 0002:0000003c       __imp__FlushFileBuffers@4  0040903c     kernel32:KERNEL32.dll
 0002:00000040       __imp__DeleteCriticalSection@4 00409040     kernel32:KERNEL32.dll
 0002:00000044       __imp__SetHandleCount@4    00409044     kernel32:KERNEL32.dll
 0002:00000048       __imp__GetStdHandle@4      00409048     kernel32:KERNEL32.dll
 0002:0000004c       __imp__GetFileType@4       0040904c     kernel32:KERNEL32.dll
 0002:00000050       __imp__GetStartupInfoA@4   00409050     kernel32:KERNEL32.dll
 0002:00000054       __imp__HeapAlloc@12        00409054     kernel32:KERNEL32.dll
 0002:00000058       __imp__GetModuleFileNameA@12 00409058     kernel32:KERNEL32.dll
 0002:0000005c       __imp__UnhandledExceptionFilter@4 0040905c     kernel32:KERNEL32.dll
 0002:00000060       __imp__FreeEnvironmentStringsA@4 00409060     kernel32:KERNEL32.dll
 0002:00000064       __imp__GetEnvironmentStrings@0 00409064     kernel32:KERNEL32.dll
 0002:00000068       __imp__FreeEnvironmentStringsW@4 00409068     kernel32:KERNEL32.dll
 0002:0000006c       __imp__WideCharToMultiByte@32 0040906c     kernel32:KERNEL32.dll
 0002:00000070       __imp__GetEnvironmentStringsW@0 00409070     kernel32:KERNEL32.dll
 0002:00000074       __imp__TlsAlloc@0          00409074     kernel32:KERNEL32.dll
 0002:00000078       __imp__SetLastError@4      00409078     kernel32:KERNEL32.dll
 0002:0000007c       __imp__GetCurrentThreadId@0 0040907c     kernel32:KERNEL32.dll
 0002:00000080       __imp__TlsFree@4           00409080     kernel32:KERNEL32.dll
 0002:00000084       __imp__TlsGetValue@4       00409084     kernel32:KERNEL32.dll
 0002:00000088       __imp__HeapDestroy@4       00409088     kernel32:KERNEL32.dll
 0002:0000008c       __imp__HeapCreate@12       0040908c     kernel32:KERNEL32.dll
 0002:00000090       __imp__VirtualFree@12      00409090     kernel32:KERNEL32.dll
 0002:00000094       __imp__HeapFree@12         00409094     kernel32:KERNEL32.dll
 0002:00000098       __imp__RtlUnwind@16        00409098     kernel32:KERNEL32.dll
 0002:0000009c       __imp__InterlockedExchange@8 0040909c     kernel32:KERNEL32.dll
 0002:000000a0       __imp__VirtualQuery@12     004090a0     kernel32:KERNEL32.dll
 0002:000000a4       __imp__SetFilePointer@16   004090a4     kernel32:KERNEL32.dll
 0002:000000a8       __imp__SetStdHandle@8      004090a8     kernel32:KERNEL32.dll
 0002:000000ac       __imp__InitializeCriticalSection@4 004090ac     kernel32:KERNEL32.dll
 0002:000000b0       __imp__VirtualAlloc@16     004090b0     kernel32:KERNEL32.dll
 0002:000000b4       __imp__HeapReAlloc@16      004090b4     kernel32:KERNEL32.dll
 0002:000000b8       __imp__HeapSize@12         004090b8     kernel32:KERNEL32.dll
 0002:000000bc       __imp__LoadLibraryA@4      004090bc     kernel32:KERNEL32.dll
 0002:000000c0       __imp__GetACP@0            004090c0     kernel32:KERNEL32.dll
 0002:000000c4       __imp__GetOEMCP@0          004090c4     kernel32:KERNEL32.dll
 0002:000000c8       __imp__GetCPInfo@8         004090c8     kernel32:KERNEL32.dll
 0002:000000cc       __imp__QueryPerformanceCounter@4 004090cc     kernel32:KERNEL32.dll
 0002:000000d0       __imp__GetTickCount@0      004090d0     kernel32:KERNEL32.dll
 0002:000000d4       __imp__GetCurrentProcessId@0 004090d4     kernel32:KERNEL32.dll
 0002:000000d8       __imp__GetSystemTimeAsFileTime@4 004090d8     kernel32:KERNEL32.dll
 0002:000000dc       __imp__ReadFile@20         004090dc     kernel32:KERNEL32.dll
 0002:000000e0       __imp__CloseHandle@4       004090e0     kernel32:KERNEL32.dll
 0002:000000e4       __imp__LCMapStringA@24     004090e4     kernel32:KERNEL32.dll
 0002:000000e8       __imp__MultiByteToWideChar@24 004090e8     kernel32:KERNEL32.dll
 0002:000000ec       __imp__LCMapStringW@24     004090ec     kernel32:KERNEL32.dll
 0002:000000f0       __imp__GetStringTypeA@20   004090f0     kernel32:KERNEL32.dll
 0002:000000f4       __imp__GetStringTypeW@16   004090f4     kernel32:KERNEL32.dll
 0002:000000f8       \177KERNEL32_NULL_THUNK_DATA 004090f8     kernel32:KERNEL32.dll
 0002:000000fc       __imp__hasp_login@12       004090fc     hasp_windows_demo:hasp_windows_demo.dll
 0002:00000100       __imp__hasp_get_sessioninfo@12 00409100     hasp_windows_demo:hasp_windows_demo.dll
 0002:00000104       __imp__hasp_free@4         00409104     hasp_windows_demo:hasp_windows_demo.dll
 0002:00000108       __imp__hasp_logout@4       00409108     hasp_windows_demo:hasp_windows_demo.dll
 0002:0000010c       __imp__hasp_get_size@12    0040910c     hasp_windows_demo:hasp_windows_demo.dll
 0002:00000110       __imp__hasp_read@20        00409110     hasp_windows_demo:hasp_windows_demo.dll
 0002:00000114       __imp__hasp_write@20       00409114     hasp_windows_demo:hasp_windows_demo.dll
 0002:00000118       __imp__hasp_get_rtc@8      00409118     hasp_windows_demo:hasp_windows_demo.dll
 0002:0000011c       __imp__hasp_hasptime_to_datetime@32 0040911c     hasp_windows_demo:hasp_windows_demo.dll
 0002:00000120       __imp__hasp_login_scope@16 00409120     hasp_windows_demo:hasp_windows_demo.dll
 0002:00000124       __imp__hasp_get_info@16    00409124     hasp_windows_demo:hasp_windows_demo.dll
 0002:00000128       __imp__hasp_encrypt@12     00409128     hasp_windows_demo:hasp_windows_demo.dll
 0002:0000012c       __imp__hasp_decrypt@12     0040912c     hasp_windows_demo:hasp_windows_demo.dll
 0002:00000130       \177hasp_windows_demo_NULL_THUNK_DATA 00409130     hasp_windows_demo:hasp_windows_demo.dll
 0002:0000016c       ??_C@_0P@MIGLKIOC@CorExitProcess?$AA@ 0040916c     LIBCMT:crt0dat.obj
 0002:0000017c       ??_C@_0M@MBOPBNBK@mscoree?4dll?$AA@ 0040917c     LIBCMT:crt0dat.obj
 0002:000001a8       ___lookuptable             004091a8     LIBCMT:output.obj
 0002:00000204       ??_C@_1O@CEDCILHN@?$AA?$CI?$AAn?$AAu?$AAl?$AAl?$AA?$CJ?$AA?$AA@ 00409204     LIBCMT:output.obj
 0002:00000214       ??_C@_06OJHGLDPL@?$CInull?$CJ?$AA@ 00409214     LIBCMT:output.obj
 0002:000002ac       ??_C@_0P@GGKDKEEG@runtime?5error?5?$AA@ 004092ac     LIBCMT:crt0msg.obj
 0002:000002bc       ??_C@_02PCIJFNDE@?$AN?6?$AA@ 004092bc     LIBCMT:crt0msg.obj
 0002:000002c0       ??_C@_0O@MJNIPGOH@TLOSS?5error?$AN?6?$AA@ 004092c0     LIBCMT:crt0msg.obj
 0002:000002d0       ??_C@_0N@BONNPDHF@SING?5error?$AN?6?$AA@ 004092d0     LIBCMT:crt0msg.obj
 0002:000002e0       ??_C@_0P@MBDAJNE@DOMAIN?5error?$AN?6?$AA@ 004092e0     LIBCMT:crt0msg.obj
 0002:000002f0       ??_C@_0KC@BDDGGBEJ@R6029?$AN?6?9?5This?5application?5cannot@ 004092f0     LIBCMT:crt0msg.obj
 0002:00000394       ??_C@_0CF@KJDAIALP@R6028?$AN?6?9?5unable?5to?5initialize?5he@ 00409394     LIBCMT:crt0msg.obj
 0002:000003bc       ??_C@_0DF@GAKBPDFP@R6027?$AN?6?9?5not?5enough?5space?5for?5lo@ 004093bc     LIBCMT:crt0msg.obj
 0002:000003f4       ??_C@_0DF@IBLNNAIG@R6026?$AN?6?9?5not?5enough?5space?5for?5st@ 004093f4     LIBCMT:crt0msg.obj
 0002:0000042c       ??_C@_0CG@IOHKGFNJ@R6025?$AN?6?9?5pure?5virtual?5function?5c@ 0040942c     LIBCMT:crt0msg.obj
 0002:00000454       ??_C@_0DF@JIJJFJDC@R6024?$AN?6?9?5not?5enough?5space?5for?5_o@ 00409454     LIBCMT:crt0msg.obj
 0002:0000048c       ??_C@_0CJ@EGEJHFME@R6019?$AN?6?9?5unable?5to?5open?5console?5@ 0040948c     LIBCMT:crt0msg.obj
 0002:000004b8       ??_C@_0CB@GNHNIELH@R6018?$AN?6?9?5unexpected?5heap?5error?$AN?6@ 004094b8     LIBCMT:crt0msg.obj
 0002:000004dc       ??_C@_0CN@FOLDKNG@R6017?$AN?6?9?5unexpected?5multithread?5@ 004094dc     LIBCMT:crt0msg.obj
 0002:0000050c       ??_C@_0CM@FAHFJNHO@R6016?$AN?6?9?5not?5enough?5space?5for?5th@ 0040950c     LIBCMT:crt0msg.obj
 0002:00000538       ??_C@_0JG@LBKMGKLD@?$AN?6This?5application?5has?5requested@ 00409538     LIBCMT:crt0msg.obj
 0002:000005d0       ??_C@_0CM@FLCNIPKK@R6009?$AN?6?9?5not?5enough?5space?5for?5en@ 004095d0     LIBCMT:crt0msg.obj
 0002:000005fc       ??_C@_0CK@KMMJOAPP@R6008?$AN?6?9?5not?5enough?5space?5for?5ar@ 004095fc     LIBCMT:crt0msg.obj
 0002:00000628       ??_C@_0CF@HOHMHDEK@R6002?$AN?6?9?5floating?5point?5not?5load@ 00409628     LIBCMT:crt0msg.obj
 0002:00000650       ??_C@_0CF@GOGNBNAK@Microsoft?5Visual?5C?$CL?$CL?5Runtime?5Lib@ 00409650     LIBCMT:crt0msg.obj
 0002:00000678       ??_C@_02PHMGELLB@?6?6?$AA@ 00409678     LIBCMT:crt0msg.obj
 0002:0000067c       ??_C@_0BK@OFGJDLJJ@Runtime?5Error?$CB?6?6Program?3?5?$AA@ 0040967c     LIBCMT:crt0msg.obj
 0002:00000698       ??_C@_03KHICJKCI@?4?4?4?$AA@ 00409698     LIBCMT:crt0msg.obj
 0002:0000069c       ??_C@_0BH@DNAGHKFM@?$DMprogram?5name?5unknown?$DO?$AA@ 0040969c     LIBCMT:crt0msg.obj
 0002:000006d0       ??_C@_07PEJMOBNF@FlsFree?$AA@ 004096d0     LIBCMT:tidtable.obj
 0002:000006d8       ??_C@_0M@JCPCPOEF@FlsSetValue?$AA@ 004096d8     LIBCMT:tidtable.obj
 0002:000006e4       ??_C@_0M@GDNOONDI@FlsGetValue?$AA@ 004096e4     LIBCMT:tidtable.obj
 0002:000006f0       ??_C@_08KNHFBNJ@FlsAlloc?$AA@ 004096f0     LIBCMT:tidtable.obj
 0002:000006fc       ??_C@_0N@MDJJJHMB@kernel32?4dll?$AA@ 004096fc     LIBCMT:tidtable.obj
 0002:00000730       ___newctype                00409730     LIBCMT:ctype.obj
 0002:00000a30       __wctype                   00409a30     LIBCMT:ctype.obj
 0002:00000c54       ??_C@_0CG@PKBDLMEO@InitializeCriticalSectionAndSpin@ 00409c54     LIBCMT:initcrit.obj
 0002:00000cbc       ??_C@_0BI@DFKBFLJE@GetProcessWindowStation?$AA@ 00409cbc     LIBCMT:crtmbox.obj
 0002:00000cd4       ??_C@_0BK@CIDNPOGP@GetUserObjectInformationA?$AA@ 00409cd4     LIBCMT:crtmbox.obj
 0002:00000cf0       ??_C@_0BD@HHGDFDBJ@GetLastActivePopup?$AA@ 00409cf0     LIBCMT:crtmbox.obj
 0002:00000d04       ??_C@_0BA@HNOPNCHB@GetActiveWindow?$AA@ 00409d04     LIBCMT:crtmbox.obj
 0002:00000d14       ??_C@_0M@CHKKJDAI@MessageBoxA?$AA@ 00409d14     LIBCMT:crtmbox.obj
 0002:00000d20       ??_C@_0L@GMPLCCII@user32?4dll?$AA@ 00409d20     LIBCMT:crtmbox.obj
 0002:00000edc       ??_C@_09KLGCKDOD@Program?3?5?$AA@ 00409edc     LIBCMT:secfail.obj
 0002:00000ee8       ??_C@_0KA@JEHFIFGP@A?5buffer?5overrun?5has?5been?5detect@ 00409ee8     LIBCMT:secfail.obj
 0002:00000f88       ??_C@_0BJ@MDEKIEOJ@Buffer?5overrun?5detected?$CB?$AA@ 00409f88     LIBCMT:secfail.obj
 0002:00000fa8       ??_C@_0LB@BPLHHLFD@A?5security?5error?5of?5unknown?5caus@ 00409fa8     LIBCMT:secfail.obj
 0002:0000105c       ??_C@_0CD@GMKACBEK@Unknown?5security?5failure?5detecte@ 0040a05c     LIBCMT:secfail.obj
 0002:000010ac       ??_C@_13NOLLCAOD@?$AA?$AA?$AA?$AA@ 0040a0ac     LIBCMT:a_map.obj
 0002:000010e4       ??_C@_08JCCMCCIL@HH?3mm?3ss?$AA@ 0040a0e4     LIBCMT:strftime.obj
 0002:000010f0       ??_C@_0BE@CKGJFCPC@dddd?0?5MMMM?5dd?0?5yyyy?$AA@ 0040a0f0     LIBCMT:strftime.obj
 0002:00001104       ??_C@_08BPBNCDIB@MM?1dd?1yy?$AA@ 0040a104     LIBCMT:strftime.obj
 0002:00001110       ??_C@_02CJNFDJBF@PM?$AA@   0040a110     LIBCMT:strftime.obj
 0002:00001114       ??_C@_02DEDBPAFC@AM?$AA@   0040a114     LIBCMT:strftime.obj
 0002:00001118       ??_C@_08EDHMEBNP@December?$AA@ 0040a118     LIBCMT:strftime.obj
 0002:00001124       ??_C@_08HCHEGEOA@November?$AA@ 0040a124     LIBCMT:strftime.obj
 0002:00001130       ??_C@_07JJNFCEND@October?$AA@ 0040a130     LIBCMT:strftime.obj
 0002:00001138       ??_C@_09BHHEALKD@September?$AA@ 0040a138     LIBCMT:strftime.obj
 0002:00001144       ??_C@_06LBBHFDDG@August?$AA@ 0040a144     LIBCMT:strftime.obj
 0002:0000114c       ??_C@_04MIEPOIFP@July?$AA@ 0040a14c     LIBCMT:strftime.obj
 0002:00001154       ??_C@_04CNLMGBGM@June?$AA@ 0040a154     LIBCMT:strftime.obj
 0002:0000115c       ??_C@_05DMJDNLEJ@April?$AA@ 0040a15c     LIBCMT:strftime.obj
 0002:00001164       ??_C@_05HPCKOFNC@March?$AA@ 0040a164     LIBCMT:strftime.obj
 0002:0000116c       ??_C@_08GNJGEPFN@February?$AA@ 0040a16c     LIBCMT:strftime.obj
 0002:00001178       ??_C@_07CGJPFGJA@January?$AA@ 0040a178     LIBCMT:strftime.obj
 0002:00001180       ??_C@_03MKABNOCG@Dec?$AA@  0040a180     LIBCMT:strftime.obj
 0002:00001184       ??_C@_03JPJOFNIA@Nov?$AA@  0040a184     LIBCMT:strftime.obj
 0002:00001188       ??_C@_03BMAOKBAD@Oct?$AA@  0040a188     LIBCMT:strftime.obj
 0002:0000118c       ??_C@_03GGCAPAJC@Sep?$AA@  0040a18c     LIBCMT:strftime.obj
 0002:00001190       ??_C@_03IFJFEIGA@Aug?$AA@  0040a190     LIBCMT:strftime.obj
 0002:00001194       ??_C@_03LBGABGKK@Jul?$AA@  0040a194     LIBCMT:strftime.obj
 0002:00001198       ??_C@_03IDFGHECI@Jun?$AA@  0040a198     LIBCMT:strftime.obj
 0002:0000119c       ??_C@_03CNMDKL@May?$AA@    0040a19c     LIBCMT:strftime.obj
 0002:000011a0       ??_C@_03LEOLGMJP@Apr?$AA@  0040a1a0     LIBCMT:strftime.obj
 0002:000011a4       ??_C@_03ODNJBKGA@Mar?$AA@  0040a1a4     LIBCMT:strftime.obj
 0002:000011a8       ??_C@_03HJBDCHOM@Feb?$AA@  0040a1a8     LIBCMT:strftime.obj
 0002:000011ac       ??_C@_03JIHJHPIE@Jan?$AA@  0040a1ac     LIBCMT:strftime.obj
 0002:000011b0       ??_C@_08INBOOONO@Saturday?$AA@ 0040a1b0     LIBCMT:strftime.obj
 0002:000011bc       ??_C@_06JECMNKMI@Friday?$AA@ 0040a1bc     LIBCMT:strftime.obj
 0002:000011c4       ??_C@_08HACCIKIA@Thursday?$AA@ 0040a1c4     LIBCMT:strftime.obj
 0002:000011d0       ??_C@_09DLIGFAKA@Wednesday?$AA@ 0040a1d0     LIBCMT:strftime.obj
 0002:000011dc       ??_C@_07BAAGCFCM@Tuesday?$AA@ 0040a1dc     LIBCMT:strftime.obj
 0002:000011e4       ??_C@_06JLEDEDGH@Monday?$AA@ 0040a1e4     LIBCMT:strftime.obj
 0002:000011ec       ??_C@_06OOPIFAJ@Sunday?$AA@ 0040a1ec     LIBCMT:strftime.obj
 0002:000011f4       ??_C@_03FEFJNEK@Sat?$AA@   0040a1f4     LIBCMT:strftime.obj
 0002:000011f8       ??_C@_03IDIOELNC@Fri?$AA@  0040a1f8     LIBCMT:strftime.obj
 0002:000011fc       ??_C@_03IOFIKPDN@Thu?$AA@  0040a1fc     LIBCMT:strftime.obj
 0002:00001200       ??_C@_03MHOMLAJA@Wed?$AA@  0040a200     LIBCMT:strftime.obj
 0002:00001204       ??_C@_03NAGEINEP@Tue?$AA@  0040a204     LIBCMT:strftime.obj
 0002:00001208       ??_C@_03PDAGKDH@Mon?$AA@   0040a208     LIBCMT:strftime.obj
 0002:0000120c       ??_C@_03KOEHGMDN@Sun?$AA@  0040a20c     LIBCMT:strftime.obj
 0002:0000121c       ___dnames                  0040a21c     LIBCMT:timeset.obj
 0002:00001234       ___mnames                  0040a234     LIBCMT:timeset.obj
 0002:00001260       __load_config_used         0040a260     LIBCMT:loadcfg.obj
 0002:000012b0       ___safe_se_handler_table   0040a2b0     <linker-defined>
 0002:000012b8       ___rtc_iaa                 0040a2b8     LIBCMT:initsect.obj
 0002:000012bc       ___rtc_izz                 0040a2bc     LIBCMT:initsect.obj
 0002:000012c0       ___rtc_taa                 0040a2c0     LIBCMT:initsect.obj
 0002:000012c4       ___rtc_tzz                 0040a2c4     LIBCMT:initsect.obj
 0002:000012c8       __IMPORT_DESCRIPTOR_hasp_windows_demo 0040a2c8     hasp_windows_demo:hasp_windows_demo.dll
 0002:000012dc       __IMPORT_DESCRIPTOR_KERNEL32 0040a2dc     kernel32:KERNEL32.dll
 0002:000012f0       __NULL_IMPORT_DESCRIPTOR   0040a2f0     hasp_windows_demo:hasp_windows_demo.dll
 0003:00000000       ___xc_a                    0040b000     LIBCMT:crt0init.obj
 0003:00000008       ___xc_z                    0040b008     LIBCMT:crt0init.obj
 0003:0000000c       ___xi_a                    0040b00c     LIBCMT:crt0init.obj
 0003:0000001c       ___xi_z                    0040b01c     LIBCMT:crt0init.obj
 0003:00000020       ___xp_a                    0040b020     LIBCMT:crt0init.obj
 0003:00000028       ___xp_z                    0040b028     LIBCMT:crt0init.obj
 0003:0000002c       ___xt_a                    0040b02c     LIBCMT:crt0init.obj
 0003:00000030       ___xt_z                    0040b030     LIBCMT:crt0init.obj
 0003:00000040       _vendor_code               0040b040     hasp_demo.obj
 0003:00000404       _data                      0040b404     hasp_demo.obj
 0003:00000414       _datalen                   0040b414     hasp_demo.obj
 0003:00001310       __iob                      0040c310     LIBCMT:_file.obj
 0003:00001590       __aexit_rtn                0040c590     LIBCMT:crt0.obj
 0003:00001594       ___app_type                0040c594     LIBCMT:crt0.obj
 0003:00001598       ___nullstring              0040c598     LIBCMT:output.obj
 0003:0000159c       ___wnullstring             0040c59c     LIBCMT:output.obj
 0003:000016c0       ___badioinfo               0040c6c0     LIBCMT:ioinit.obj
 0003:00001780       __XcptActTab               0040c780     LIBCMT:winxfltr.obj
 0003:000017f8       __First_FPE_Indx           0040c7f8     LIBCMT:winxfltr.obj
 0003:000017fc       __Num_FPE                  0040c7fc     LIBCMT:winxfltr.obj
 0003:00001800       __XcptActTabSize           0040c800     LIBCMT:winxfltr.obj
 0003:00001804       __XcptActTabCount          0040c804     LIBCMT:winxfltr.obj
 0003:00001808       ___tlsindex                0040c808     LIBCMT:tidtable.obj
 0003:0000180c       __amblksiz                 0040c80c     LIBCMT:heapinit.obj
 0003:00001810       __cfltcvt_tab              0040c810     LIBCMT:cmiscdat.obj
 0003:00001828       __pctype                   0040c828     LIBCMT:ctype.obj
 0003:0000182c       __pwctype                  0040c82c     LIBCMT:ctype.obj
 0003:00001830       ___security_cookie         0040c830     LIBCMT:seccook.obj
 0003:00001840       __NLG_Destination          0040c840     LIBCMT:exsup.obj
 0003:00001ac8       ___initiallocinfo          0040cac8     LIBCMT:setlocal.obj
 0003:00001b1c       ___ptlocinfo               0040cb1c     LIBCMT:setlocal.obj
 0003:00001c60       ___lc_clike                0040cc60     LIBCMT:nlsdata2.obj
 0003:00001c64       ___lc_time_curr            0040cc64     LIBCMT:strftime.obj
 0003:00001c68       ___lc_time_c               0040cc68     LIBCMT:strftime.obj
 0003:00001d20       ___lconv_static_decimal    0040cd20     LIBCMT:lconv.obj
 0003:00001d24       ___lconv_c                 0040cd24     LIBCMT:lconv.obj
 0003:00001d54       ___lconv                   0040cd54     LIBCMT:lconv.obj
 0003:00001d60       ___mb_cur_max              0040cd60     LIBCMT:nlsdata1.obj
 0003:00001d64       ___decimal_point           0040cd64     LIBCMT:nlsdata1.obj
 0003:00001d68       ___decimal_point_length    0040cd68     LIBCMT:nlsdata1.obj
 0003:00001d70       __timezone                 0040cd70     LIBCMT:timeset.obj
 0003:00001d74       __daylight                 0040cd74     LIBCMT:timeset.obj
 0003:00001d78       __dstbias                  0040cd78     LIBCMT:timeset.obj
 0003:00001e00       __tzname                   0040ce00     LIBCMT:timeset.obj
 0003:00001e20       __lpdays                   0040ce20     LIBCMT:days.obj
 0003:00001e54       __days                     0040ce54     LIBCMT:days.obj
 0003:00001ea0       __cflush                   0040cea0     LIBCMT:_file.obj
 0003:00001ea4       __umaskval                 0040cea4     LIBCMT:crt0dat.obj
 0003:00001ea8       __osplatform               0040cea8     LIBCMT:crt0dat.obj
 0003:00001eac       __osver                    0040ceac     LIBCMT:crt0dat.obj
 0003:00001eb0       __winver                   0040ceb0     LIBCMT:crt0dat.obj
 0003:00001eb4       __winmajor                 0040ceb4     LIBCMT:crt0dat.obj
 0003:00001eb8       __winminor                 0040ceb8     LIBCMT:crt0dat.obj
 0003:00001ebc       ___argc                    0040cebc     LIBCMT:crt0dat.obj
 0003:00001ec0       ___argv                    0040cec0     LIBCMT:crt0dat.obj
 0003:00001ec4       ___wargv                   0040cec4     LIBCMT:crt0dat.obj
 0003:00001ec8       __environ                  0040cec8     LIBCMT:crt0dat.obj
 0003:00001ecc       ___initenv                 0040cecc     LIBCMT:crt0dat.obj
 0003:00001ed0       __wenviron                 0040ced0     LIBCMT:crt0dat.obj
 0003:00001ed4       ___winitenv                0040ced4     LIBCMT:crt0dat.obj
 0003:00001ed8       __pgmptr                   0040ced8     LIBCMT:crt0dat.obj
 0003:00001edc       __wpgmptr                  0040cedc     LIBCMT:crt0dat.obj
 0003:00001ee0       __exitflag                 0040cee0     LIBCMT:crt0dat.obj
 0003:00001ee4       __C_Termination_Done       0040cee4     LIBCMT:crt0dat.obj
 0003:00001ee8       __C_Exit_Done              0040cee8     LIBCMT:crt0dat.obj
 0003:00001eec       __aenvptr                  0040ceec     LIBCMT:crt0.obj
 0003:00001ef0       __wenvptr                  0040cef0     LIBCMT:crt0.obj
 0003:00001ef4       ___error_mode              0040cef4     LIBCMT:crt0.obj
 0003:00001ef8       __stdbuf                   0040cef8     LIBCMT:_sftbuf.obj
 0003:00002050       __adbgmsg                  0040d050     LIBCMT:crt0msg.obj
 0003:00002164       _gpFlsAlloc                0040d164     LIBCMT:tidtable.obj
 0003:00002168       _gpFlsGetValue             0040d168     LIBCMT:tidtable.obj
 0003:0000216c       _gpFlsSetValue             0040d16c     LIBCMT:tidtable.obj
 0003:00002170       _gpFlsFree                 0040d170     LIBCMT:tidtable.obj
 0003:000021c8       ?_pnhHeap@@3P6AHI@ZA       0040d1c8     LIBCMT:handler.obj
 0003:000021cc       __newmode                  0040d1cc     LIBCMT:_newmode.obj
 0003:000021f8       ___lc_handle               0040d1f8     LIBCMT:nlsdata2.obj
 0003:00002210       ___lc_codepage             0040d210     LIBCMT:nlsdata2.obj
 0003:00002214       ___lc_collate_cp           0040d214     LIBCMT:nlsdata2.obj
 0003:00002220       ___lconv_static_null       0040d220     LIBCMT:lconv.obj
 0003:00002224       ___lc_time_intl            0040d224     LIBCMT:inittime.obj
 0003:00002228       ___lconv_intl              0040d228     LIBCMT:initmon.obj
 0003:00002250       ___lc_id                   0040d250     LIBCMT:nlsdata3.obj
 0003:00002360       _membuffer                 0040d360     <common>
 0003:000023e0       ___ctype1_refcount         0040d3e0     <common>
 0003:000023e4       ___lconv_mon_refcount      0040d3e4     <common>
 0003:000023e8       ___lconv_num_refcount      0040d3e8     <common>
 0003:000023ec       ___mblcid                  0040d3ec     <common>
 0003:000023f0       ___ptmbcinfo               0040d3f0     <common>
 0003:000023f4       ___ismbcodepage            0040d3f4     <common>
 0003:00002400       __mbctype                  0040d400     <common>
 0003:00002504       ___mbcodepage              0040d504     <common>
 0003:00002510       ___mbulinfo                0040d510     <common>
 0003:00002520       __mbcasemap                0040d520     <common>
 0003:00002620       ___sbh_pHeaderDefer        0040d620     <common>
 0003:00002624       ___sbh_cntHeaderList       0040d624     <common>
 0003:00002628       ___sbh_pHeaderList         0040d628     <common>
 0003:0000262c       ___sbh_threshold           0040d62c     <common>
 0003:00002630       ___sbh_pHeaderScan         0040d630     <common>
 0003:00002634       ___sbh_sizeHeaderList      0040d634     <common>
 0003:00002638       ___sbh_indGroupDefer       0040d638     <common>
 0003:0000263c       __crtheap                  0040d63c     <common>
 0003:00002640       ___active_heap             0040d640     <common>
 0003:00002644       __nhandle                  0040d644     <common>
 0003:00002660       ___pioinfo                 0040d660     <common>
 0003:00002760       __acmdln                   0040d760     <common>
 0003:00002764       ___env_initialized         0040d764     <common>
 0003:00002768       ___onexitend               0040d768     <common>
 0003:0000276c       ___onexitbegin             0040d76c     <common>
 0003:00002770       ___mbctype_initialized     0040d770     <common>
 0003:00002774       __FPinit                   0040d774     <common>
 0003:00002778       ___piob                    0040d778     <common>
 0003:00002780       __bufin                    0040d780     <common>
 0003:00003780       __nstream                  0040e780     <common>

 entry point at        0001:000015b5

 Static symbols

 0001:00001116       _flsall                    00402116 f   LIBCMT:fflush.obj
 0001:000013e7       __initterm                 004023e7 f   LIBCMT:crt0dat.obj
 0001:00001469       _doexit                    00402469 f   LIBCMT:crt0dat.obj
 0001:00001591       _fast_error_exit           00402591 f   LIBCMT:crt0.obj
 0001:00001827       _write_char                00402827 f   LIBCMT:output.obj
 0001:0000185a       _write_multi_char          0040285a f   LIBCMT:output.obj
 0001:0000187e       _write_string              0040287e f   LIBCMT:output.obj
 0001:00002205       $$$00003                   00403205 f   LIBCMT:exsup3.obj
 0001:00002a62       __onexit_lk                00403a62 f   LIBCMT:onexit.obj
 0001:00002fb7       _parse_cmdline             00403fb7 f   LIBCMT:stdargv.obj
 0001:000039e2       _report_failure            004049e2 f   LIBCMT:secchk.obj
 0001:00003ac8       $$$00001                   00404ac8 f   LIBCMT:exsup.obj
 0001:00003ae8       $$$00003                   00404ae8 f   LIBCMT:exsup.obj
 0001:00003ae8       __unwind_handler           00404ae8 f   LIBCMT:exsup.obj
 0001:00003b0a       $$$00005                   00404b0a f   LIBCMT:exsup.obj
 0001:00003b72       $$$00007                   00404b72 f   LIBCMT:exsup.obj
 0001:00003bb6       $$$00011                   00404bb6 f   LIBCMT:exsup.obj
 0001:0000414a       ___crtInitCritSecNoSpinCount@8 0040514a f   LIBCMT:initcrit.obj
 0001:00005364       _CPtoLCID                  00406364 f   LIBCMT:mbctype.obj
 0001:00005393       _setSBCS                   00406393 f   LIBCMT:mbctype.obj
 0001:000053bc       _setSBUpLow                004063bc f   LIBCMT:mbctype.obj
 0001:00005548       __setmbcp_lk               00406548 f   LIBCMT:mbctype.obj
 0001:00005c5d       ___updatetlocinfo_lk       00406c5d f   LIBCMT:setlocal.obj
 0001:000076e0       _$$$00001                  004086e0 f   LIBCMT:strchr.obj
